<?xml version="1.0" encoding="UTF-8"?>
<testsuites>
  <testsuite name="C:\Users\Adam\Herd\Muse\phpunit.xml" tests="356" assertions="1117" errors="0" failures="0" skipped="2" time="13.217091">
    <testsuite name="Unit" tests="1" assertions="1" errors="0" failures="0" skipped="0" time="0.009640">
      <testsuite name="Tests\Unit\ExampleTest" file="tests\Unit\ExampleTest.php" tests="1" assertions="1" errors="0" failures="0" skipped="0" time="0.009640">
        <testcase name="that true is true" file="tests\Unit\ExampleTest.php::that true is true" class="Tests\Unit\ExampleTest" classname="Tests.Unit.ExampleTest" assertions="1" time="0.009640"/>
      </testsuite>
    </testsuite>
    <testsuite name="Feature" tests="355" assertions="1116" errors="0" failures="0" skipped="2" time="13.207451">
      <testsuite name="Tests\Feature\Auth\AuthenticationTest" file="tests\Feature\Auth\AuthenticationTest.php" tests="5" assertions="9" errors="0" failures="0" skipped="0" time="1.821736">
        <testcase name="login screen can be rendered" file="tests\Feature\Auth\AuthenticationTest.php::login screen can be rendered" class="Tests\Feature\Auth\AuthenticationTest" classname="Tests.Feature.Auth.AuthenticationTest" assertions="1" time="1.721352"/>
        <testcase name="users can authenticate using the login screen" file="tests\Feature\Auth\AuthenticationTest.php::users can authenticate using the login screen" class="Tests\Feature\Auth\AuthenticationTest" classname="Tests.Feature.Auth.AuthenticationTest" assertions="3" time="0.038241"/>
        <testcase name="users can not authenticate with invalid password" file="tests\Feature\Auth\AuthenticationTest.php::users can not authenticate with invalid password" class="Tests\Feature\Auth\AuthenticationTest" classname="Tests.Feature.Auth.AuthenticationTest" assertions="1" time="0.021386"/>
        <testcase name="users can logout" file="tests\Feature\Auth\AuthenticationTest.php::users can logout" class="Tests\Feature\Auth\AuthenticationTest" classname="Tests.Feature.Auth.AuthenticationTest" assertions="3" time="0.020317"/>
        <testcase name="users are rate limited" file="tests\Feature\Auth\AuthenticationTest.php::users are rate limited" class="Tests\Feature\Auth\AuthenticationTest" classname="Tests.Feature.Auth.AuthenticationTest" assertions="1" time="0.020440"/>
      </testsuite>
      <testsuite name="Tests\Feature\Auth\EmailVerificationTest" file="tests\Feature\Auth\EmailVerificationTest.php" tests="6" assertions="16" errors="0" failures="0" skipped="0" time="0.137444">
        <testcase name="email verification screen can be rendered" file="tests\Feature\Auth\EmailVerificationTest.php::email verification screen can be rendered" class="Tests\Feature\Auth\EmailVerificationTest" classname="Tests.Feature.Auth.EmailVerificationTest" assertions="1" time="0.027591"/>
        <testcase name="email can be verified" file="tests\Feature\Auth\EmailVerificationTest.php::email can be verified" class="Tests\Feature\Auth\EmailVerificationTest" classname="Tests.Feature.Auth.EmailVerificationTest" assertions="4" time="0.024567"/>
        <testcase name="email is not verified with invalid hash" file="tests\Feature\Auth\EmailVerificationTest.php::email is not verified with invalid hash" class="Tests\Feature\Auth\EmailVerificationTest" classname="Tests.Feature.Auth.EmailVerificationTest" assertions="2" time="0.022691"/>
        <testcase name="email is not verified with invalid user id" file="tests\Feature\Auth\EmailVerificationTest.php::email is not verified with invalid user id" class="Tests\Feature\Auth\EmailVerificationTest" classname="Tests.Feature.Auth.EmailVerificationTest" assertions="2" time="0.020258"/>
        <testcase name="verified user is redirected to dashboard from verification prompt" file="tests\Feature\Auth\EmailVerificationTest.php::verified user is redirected to dashboard from verification prompt" class="Tests\Feature\Auth\EmailVerificationTest" classname="Tests.Feature.Auth.EmailVerificationTest" assertions="3" time="0.020770"/>
        <testcase name="already verified user visiting verification link is redirected without firing event again" file="tests\Feature\Auth\EmailVerificationTest.php::already verified user visiting verification link is redirected without firing event again" class="Tests\Feature\Auth\EmailVerificationTest" classname="Tests.Feature.Auth.EmailVerificationTest" assertions="4" time="0.021566"/>
      </testsuite>
      <testsuite name="Tests\Feature\Auth\PasswordConfirmationTest" file="tests\Feature\Auth\PasswordConfirmationTest.php" tests="2" assertions="10" errors="0" failures="0" skipped="0" time="0.048412">
        <testcase name="confirm password screen can be rendered" file="tests\Feature\Auth\PasswordConfirmationTest.php::confirm password screen can be rendered" class="Tests\Feature\Auth\PasswordConfirmationTest" classname="Tests.Feature.Auth.PasswordConfirmationTest" assertions="8" time="0.034209"/>
        <testcase name="password confirmation requires authentication" file="tests\Feature\Auth\PasswordConfirmationTest.php::password confirmation requires authentication" class="Tests\Feature\Auth\PasswordConfirmationTest" classname="Tests.Feature.Auth.PasswordConfirmationTest" assertions="2" time="0.014203"/>
      </testsuite>
      <testsuite name="Tests\Feature\Auth\PasswordResetTest" file="tests\Feature\Auth\PasswordResetTest.php" tests="5" assertions="10" errors="0" failures="0" skipped="0" time="0.967713">
        <testcase name="reset password link screen can be rendered" file="tests\Feature\Auth\PasswordResetTest.php::reset password link screen can be rendered" class="Tests\Feature\Auth\PasswordResetTest" classname="Tests.Feature.Auth.PasswordResetTest" assertions="1" time="0.020077"/>
        <testcase name="reset password link can be requested" file="tests\Feature\Auth\PasswordResetTest.php::reset password link can be requested" class="Tests\Feature\Auth\PasswordResetTest" classname="Tests.Feature.Auth.PasswordResetTest" assertions="1" time="0.233730"/>
        <testcase name="reset password screen can be rendered" file="tests\Feature\Auth\PasswordResetTest.php::reset password screen can be rendered" class="Tests\Feature\Auth\PasswordResetTest" classname="Tests.Feature.Auth.PasswordResetTest" assertions="2" time="0.235744"/>
        <testcase name="password can be reset with valid token" file="tests\Feature\Auth\PasswordResetTest.php::password can be reset with valid token" class="Tests\Feature\Auth\PasswordResetTest" classname="Tests.Feature.Auth.PasswordResetTest" assertions="4" time="0.243063"/>
        <testcase name="password cannot be reset with invalid token" file="tests\Feature\Auth\PasswordResetTest.php::password cannot be reset with invalid token" class="Tests\Feature\Auth\PasswordResetTest" classname="Tests.Feature.Auth.PasswordResetTest" assertions="2" time="0.235099"/>
      </testsuite>
      <testsuite name="Tests\Feature\Auth\RegistrationTest" file="tests\Feature\Auth\RegistrationTest.php" tests="2" assertions="0" errors="0" failures="0" skipped="2" time="0.000000">
        <testcase name="registration screen can be rendered" file="tests\Feature\Auth\RegistrationTest.php::registration screen can be rendered" class="Tests\Feature\Auth\RegistrationTest" classname="Tests.Feature.Auth.RegistrationTest" assertions="0" time="0.000000">
          <skipped/>
        </testcase>
        <testcase name="new users can register" file="tests\Feature\Auth\RegistrationTest.php::new users can register" class="Tests\Feature\Auth\RegistrationTest" classname="Tests.Feature.Auth.RegistrationTest" assertions="0" time="0.000000">
          <skipped/>
        </testcase>
      </testsuite>
      <testsuite name="Tests\Feature\Auth\VerificationNotificationTest" file="tests\Feature\Auth\VerificationNotificationTest.php" tests="2" assertions="6" errors="0" failures="0" skipped="0" time="0.042812">
        <testcase name="sends verification notification" file="tests\Feature\Auth\VerificationNotificationTest.php::sends verification notification" class="Tests\Feature\Auth\VerificationNotificationTest" classname="Tests.Feature.Auth.VerificationNotificationTest" assertions="3" time="0.022069"/>
        <testcase name="does not send verification notification if email is verified" file="tests\Feature\Auth\VerificationNotificationTest.php::does not send verification notification if email is verified" class="Tests\Feature\Auth\VerificationNotificationTest" classname="Tests.Feature.Auth.VerificationNotificationTest" assertions="3" time="0.020744"/>
      </testsuite>
      <testsuite name="Tests\Feature\ClasseEchange\AssignerTemoinTest" file="tests\Feature\ClasseEchange\AssignerTemoinTest.php" tests="9" assertions="38" errors="0" failures="0" skipped="0" time="0.308892">
        <testcase name="un enseignant peut assigner un témoin actif à sa classe" file="tests\Feature\ClasseEchange\AssignerTemoinTest.php::un enseignant peut assigner un témoin actif à sa classe" class="Tests\Feature\ClasseEchange\AssignerTemoinTest" classname="Tests.Feature.ClasseEchange.AssignerTemoinTest" assertions="2" time="0.034950"/>
        <testcase name="un enseignant peut désassigner un témoin (null)" file="tests\Feature\ClasseEchange\AssignerTemoinTest.php::un enseignant peut désassigner un témoin (null)" class="Tests\Feature\ClasseEchange\AssignerTemoinTest" classname="Tests.Feature.ClasseEchange.AssignerTemoinTest" assertions="2" time="0.028849"/>
        <testcase name="un étudiant ne peut pas assigner de témoin (redirigé par EnsureRole)" file="tests\Feature\ClasseEchange\AssignerTemoinTest.php::un étudiant ne peut pas assigner de témoin (redirigé par EnsureRole)" class="Tests\Feature\ClasseEchange\AssignerTemoinTest" classname="Tests.Feature.ClasseEchange.AssignerTemoinTest" assertions="2" time="0.027006"/>
        <testcase name="on ne peut pas assigner un utilisateur dont le rôle n'est pas personne_agee" file="tests\Feature\ClasseEchange\AssignerTemoinTest.php::on ne peut pas assigner un utilisateur dont le rôle n'est pas personne_agee" class="Tests\Feature\ClasseEchange\AssignerTemoinTest" classname="Tests.Feature.ClasseEchange.AssignerTemoinTest" assertions="1" time="0.024930"/>
        <testcase name="on ne peut pas assigner une personne âgée en attente" file="tests\Feature\ClasseEchange\AssignerTemoinTest.php::on ne peut pas assigner une personne âgée en attente" class="Tests\Feature\ClasseEchange\AssignerTemoinTest" classname="Tests.Feature.ClasseEchange.AssignerTemoinTest" assertions="1" time="0.028387"/>
        <testcase name="un enseignant d'un autre cours ne peut pas assigner de témoin" file="tests\Feature\ClasseEchange\AssignerTemoinTest.php::un enseignant d'un autre cours ne peut pas assigner de témoin" class="Tests\Feature\ClasseEchange\AssignerTemoinTest" classname="Tests.Feature.ClasseEchange.AssignerTemoinTest" assertions="1" time="0.026399"/>
        <testcase name="show() retourne uniquement les témoins partageant une thématique avec la classe" file="tests\Feature\ClasseEchange\AssignerTemoinTest.php::show() retourne uniquement les témoins partageant une thématique avec la classe" class="Tests\Feature\ClasseEchange\AssignerTemoinTest" classname="Tests.Feature.ClasseEchange.AssignerTemoinTest" assertions="11" time="0.047148"/>
        <testcase name="show() exclut les témoins dont la thématique ne correspond pas à la classe" file="tests\Feature\ClasseEchange\AssignerTemoinTest.php::show() exclut les témoins dont la thématique ne correspond pas à la classe" class="Tests\Feature\ClasseEchange\AssignerTemoinTest" classname="Tests.Feature.ClasseEchange.AssignerTemoinTest" assertions="9" time="0.043921"/>
        <testcase name="show() retourne tous les témoins actifs si la classe n'a aucune thématique" file="tests\Feature\ClasseEchange\AssignerTemoinTest.php::show() retourne tous les témoins actifs si la classe n'a aucune thématique" class="Tests\Feature\ClasseEchange\AssignerTemoinTest" classname="Tests.Feature.ClasseEchange.AssignerTemoinTest" assertions="9" time="0.047304"/>
      </testsuite>
      <testsuite name="Tests\Feature\ClasseEchange\EchangesTest" file="tests\Feature\ClasseEchange\EchangesTest.php" tests="13" assertions="45" errors="0" failures="0" skipped="0" time="0.403209">
        <testcase name="un membre de la classe peut voir les échanges" file="tests\Feature\ClasseEchange\EchangesTest.php::un membre de la classe peut voir les échanges" class="Tests\Feature\ClasseEchange\EchangesTest" classname="Tests.Feature.ClasseEchange.EchangesTest" assertions="8" time="0.046702"/>
        <testcase name="le témoin assigné peut voir les échanges" file="tests\Feature\ClasseEchange\EchangesTest.php::le témoin assigné peut voir les échanges" class="Tests\Feature\ClasseEchange\EchangesTest" classname="Tests.Feature.ClasseEchange.EchangesTest" assertions="1" time="0.039570"/>
        <testcase name="l'enseignant du cours peut voir les échanges" file="tests\Feature\ClasseEchange\EchangesTest.php::l'enseignant du cours peut voir les échanges" class="Tests\Feature\ClasseEchange\EchangesTest" classname="Tests.Feature.ClasseEchange.EchangesTest" assertions="1" time="0.035510"/>
        <testcase name="une personne âgée non assignée à la classe est refusée" file="tests\Feature\ClasseEchange\EchangesTest.php::une personne âgée non assignée à la classe est refusée" class="Tests\Feature\ClasseEchange\EchangesTest" classname="Tests.Feature.ClasseEchange.EchangesTest" assertions="1" time="0.029416"/>
        <testcase name="un invité est redirigé vers le login" file="tests\Feature\ClasseEchange\EchangesTest.php::un invité est redirigé vers le login" class="Tests\Feature\ClasseEchange\EchangesTest" classname="Tests.Feature.ClasseEchange.EchangesTest" assertions="2" time="0.027882"/>
        <testcase name="un membre peut envoyer un message" file="tests\Feature\ClasseEchange\EchangesTest.php::un membre peut envoyer un message" class="Tests\Feature\ClasseEchange\EchangesTest" classname="Tests.Feature.ClasseEchange.EchangesTest" assertions="3" time="0.027762"/>
        <testcase name="le témoin assigné peut répondre" file="tests\Feature\ClasseEchange\EchangesTest.php::le témoin assigné peut répondre" class="Tests\Feature\ClasseEchange\EchangesTest" classname="Tests.Feature.ClasseEchange.EchangesTest" assertions="2" time="0.033080"/>
        <testcase name="l'enseignant peut envoyer un message" file="tests\Feature\ClasseEchange\EchangesTest.php::l'enseignant peut envoyer un message" class="Tests\Feature\ClasseEchange\EchangesTest" classname="Tests.Feature.ClasseEchange.EchangesTest" assertions="2" time="0.026440"/>
        <testcase name="un message vide est rejeté" file="tests\Feature\ClasseEchange\EchangesTest.php::un message vide est rejeté" class="Tests\Feature\ClasseEchange\EchangesTest" classname="Tests.Feature.ClasseEchange.EchangesTest" assertions="2" time="0.027251"/>
        <testcase name="un message de plus de 3000 caractères est rejeté" file="tests\Feature\ClasseEchange\EchangesTest.php::un message de plus de 3000 caractères est rejeté" class="Tests\Feature\ClasseEchange\EchangesTest" classname="Tests.Feature.ClasseEchange.EchangesTest" assertions="2" time="0.027748"/>
        <testcase name="une personne âgée non assignée ne peut pas envoyer de message" file="tests\Feature\ClasseEchange\EchangesTest.php::une personne âgée non assignée ne peut pas envoyer de message" class="Tests\Feature\ClasseEchange\EchangesTest" classname="Tests.Feature.ClasseEchange.EchangesTest" assertions="1" time="0.025815"/>
        <testcase name="la page personne âgée liste les classes assignées" file="tests\Feature\ClasseEchange\EchangesTest.php::la page personne âgée liste les classes assignées" class="Tests\Feature\ClasseEchange\EchangesTest" classname="Tests.Feature.ClasseEchange.EchangesTest" assertions="11" time="0.028995"/>
        <testcase name="la page personne âgée n'affiche pas les classes d'une autre personne" file="tests\Feature\ClasseEchange\EchangesTest.php::la page personne âgée n'affiche pas les classes d'une autre personne" class="Tests\Feature\ClasseEchange\EchangesTest" classname="Tests.Feature.ClasseEchange.EchangesTest" assertions="9" time="0.027037"/>
      </testsuite>
      <testsuite name="Tests\Feature\ClasseEtudiantTest" file="tests\Feature\ClasseEtudiantTest.php" tests="5" assertions="13" errors="0" failures="0" skipped="0" time="0.143779">
        <testcase name="store ajoute un etudiant a une section" file="tests\Feature\ClasseEtudiantTest.php::store ajoute un etudiant a une section" class="Tests\Feature\ClasseEtudiantTest" classname="Tests.Feature.ClasseEtudiantTest" assertions="3" time="0.034556"/>
        <testcase name="update modifie etudiant et statut dans la section" file="tests\Feature\ClasseEtudiantTest.php::update modifie etudiant et statut dans la section" class="Tests\Feature\ClasseEtudiantTest" classname="Tests.Feature.ClasseEtudiantTest" assertions="3" time="0.024374"/>
        <testcase name="destroy retire etudiant de la section" file="tests\Feature\ClasseEtudiantTest.php::destroy retire etudiant de la section" class="Tests\Feature\ClasseEtudiantTest" classname="Tests.Feature.ClasseEtudiantTest" assertions="2" time="0.022208"/>
        <testcase name="import ajoute des etudiants depuis csv" file="tests\Feature\ClasseEtudiantTest.php::import ajoute des etudiants depuis csv" class="Tests\Feature\ClasseEtudiantTest" classname="Tests.Feature.ClasseEtudiantTest" assertions="3" time="0.037260"/>
        <testcase name="store retourne 403 pour un utilisateur non autorise" file="tests\Feature\ClasseEtudiantTest.php::store retourne 403 pour un utilisateur non autorise" class="Tests\Feature\ClasseEtudiantTest" classname="Tests.Feature.ClasseEtudiantTest" assertions="2" time="0.025382"/>
      </testsuite>
      <testsuite name="Tests\Feature\ClasseNoteCorrectionTest" file="tests\Feature\ClasseNoteCorrectionTest.php" tests="8" assertions="17" errors="0" failures="0" skipped="0" time="0.241581">
        <testcase name="upsertNoteCorrection() crée une correction et met à jour le HTML de la note" file="tests\Feature\ClasseNoteCorrectionTest.php::upsertNoteCorrection() crée une correction et met à jour le HTML de la note" class="Tests\Feature\ClasseNoteCorrectionTest" classname="Tests.Feature.ClasseNoteCorrectionTest" assertions="3" time="0.032308"/>
        <testcase name="upsertNoteCorrection() met à jour une correction existante sans doublon (upsert)" file="tests\Feature\ClasseNoteCorrectionTest.php::upsertNoteCorrection() met à jour une correction existante sans doublon (upsert)" class="Tests\Feature\ClasseNoteCorrectionTest" classname="Tests.Feature.ClasseNoteCorrectionTest" assertions="3" time="0.032114"/>
        <testcase name="upsertNoteCorrection() refuse un étudiant (redirigé — middleware rôle)" file="tests\Feature\ClasseNoteCorrectionTest.php::upsertNoteCorrection() refuse un étudiant (redirigé — middleware rôle)" class="Tests\Feature\ClasseNoteCorrectionTest" classname="Tests.Feature.ClasseNoteCorrectionTest" assertions="2" time="0.030949"/>
        <testcase name="upsertNoteCorrection() refuse un enseignant d'un autre cours (403)" file="tests\Feature\ClasseNoteCorrectionTest.php::upsertNoteCorrection() refuse un enseignant d'un autre cours (403)" class="Tests\Feature\ClasseNoteCorrectionTest" classname="Tests.Feature.ClasseNoteCorrectionTest" assertions="1" time="0.027681"/>
        <testcase name="upsertNoteCorrection() rejette une requête sans contenu (validation)" file="tests\Feature\ClasseNoteCorrectionTest.php::upsertNoteCorrection() rejette une requête sans contenu (validation)" class="Tests\Feature\ClasseNoteCorrectionTest" classname="Tests.Feature.ClasseNoteCorrectionTest" assertions="2" time="0.027039"/>
        <testcase name="destroyNoteCorrection() supprime la correction et met à jour le HTML de la note" file="tests\Feature\ClasseNoteCorrectionTest.php::destroyNoteCorrection() supprime la correction et met à jour le HTML de la note" class="Tests\Feature\ClasseNoteCorrectionTest" classname="Tests.Feature.ClasseNoteCorrectionTest" assertions="3" time="0.031803"/>
        <testcase name="destroyNoteCorrection() refuse un étudiant (redirigé — middleware rôle)" file="tests\Feature\ClasseNoteCorrectionTest.php::destroyNoteCorrection() refuse un étudiant (redirigé — middleware rôle)" class="Tests\Feature\ClasseNoteCorrectionTest" classname="Tests.Feature.ClasseNoteCorrectionTest" assertions="2" time="0.029550"/>
        <testcase name="destroyNoteCorrection() retourne 404 si la correction n'appartient pas à la note" file="tests\Feature\ClasseNoteCorrectionTest.php::destroyNoteCorrection() retourne 404 si la correction n'appartient pas à la note" class="Tests\Feature\ClasseNoteCorrectionTest" classname="Tests.Feature.ClasseNoteCorrectionTest" assertions="1" time="0.030137"/>
      </testsuite>
      <testsuite name="Tests\Feature\ClasseTest" file="tests\Feature\ClasseTest.php" tests="5" assertions="7" errors="0" failures="0" skipped="0" time="0.149193">
        <testcase name="store cree une section pour le cours" file="tests\Feature\ClasseTest.php::store cree une section pour le cours" class="Tests\Feature\ClasseTest" classname="Tests.Feature.ClasseTest" assertions="2" time="0.039380"/>
        <testcase name="store refuse un etudiant non autorise" file="tests\Feature\ClasseTest.php::store refuse un etudiant non autorise" class="Tests\Feature\ClasseTest" classname="Tests.Feature.ClasseTest" assertions="1" time="0.029943"/>
        <testcase name="show retourne 404 quand la classe ne correspond pas au cours" file="tests\Feature\ClasseTest.php::show retourne 404 quand la classe ne correspond pas au cours" class="Tests\Feature\ClasseTest" classname="Tests.Feature.ClasseTest" assertions="1" time="0.026007"/>
        <testcase name="show est accessible a un etudiant inscrit dans la section" file="tests\Feature\ClasseTest.php::show est accessible a un etudiant inscrit dans la section" class="Tests\Feature\ClasseTest" classname="Tests.Feature.ClasseTest" assertions="1" time="0.032107"/>
        <testcase name="destroy supprime la section pour l enseignant du cours" file="tests\Feature\ClasseTest.php::destroy supprime la section pour l enseignant du cours" class="Tests\Feature\ClasseTest" classname="Tests.Feature.ClasseTest" assertions="2" time="0.021757"/>
      </testsuite>
      <testsuite name="Tests\Feature\DashboardTest" file="tests\Feature\DashboardTest.php" tests="2" assertions="4" errors="0" failures="0" skipped="0" time="0.037006">
        <testcase name="guests are redirected to the login page" file="tests\Feature\DashboardTest.php::guests are redirected to the login page" class="Tests\Feature\DashboardTest" classname="Tests.Feature.DashboardTest" assertions="2" time="0.019003"/>
        <testcase name="authenticated users are redirected from the dashboard according to their role" file="tests\Feature\DashboardTest.php::authenticated users are redirected from the dashboard according to their role" class="Tests\Feature\DashboardTest" classname="Tests.Feature.DashboardTest" assertions="2" time="0.018003"/>
      </testsuite>
      <testsuite name="Tests\Feature\EcheancierTest" file="tests\Feature\EcheancierTest.php" tests="2" assertions="5" errors="0" failures="0" skipped="0" time="0.050646">
        <testcase name="destroyAll() supprime toutes les étapes de la classe" file="tests\Feature\EcheancierTest.php::destroyAll() supprime toutes les étapes de la classe" class="Tests\Feature\EcheancierTest" classname="Tests.Feature.EcheancierTest" assertions="3" time="0.025536"/>
        <testcase name="destroyAll() ne supprime pas les étapes des autres cours" file="tests\Feature\EcheancierTest.php::destroyAll() ne supprime pas les étapes des autres cours" class="Tests\Feature\EcheancierTest" classname="Tests.Feature.EcheancierTest" assertions="2" time="0.025110"/>
      </testsuite>
      <testsuite name="Tests\Feature\EntrevueConceptTest" file="tests\Feature\EntrevueConceptTest.php" tests="16" assertions="39" errors="0" failures="0" skipped="0" time="0.507090">
        <testcase name="un membre peut créer un concept dans une section entrevue" file="tests\Feature\EntrevueConceptTest.php::un membre peut créer un concept dans une section entrevue" class="Tests\Feature\EntrevueConceptTest" classname="Tests.Feature.EntrevueConceptTest" assertions="5" time="0.044950"/>
        <testcase name="l'ordre s'incrémente automatiquement" file="tests\Feature\EntrevueConceptTest.php::l'ordre s'incrémente automatiquement" class="Tests\Feature\EntrevueConceptTest" classname="Tests.Feature.EntrevueConceptTest" assertions="2" time="0.034838"/>
        <testcase name="un non-membre ne peut pas créer un concept (403)" file="tests\Feature\EntrevueConceptTest.php::un non-membre ne peut pas créer un concept (403)" class="Tests\Feature\EntrevueConceptTest" classname="Tests.Feature.EntrevueConceptTest" assertions="1" time="0.035519"/>
        <testcase name="une section de type texte refuse la création de concepts (422)" file="tests\Feature\EntrevueConceptTest.php::une section de type texte refuse la création de concepts (422)" class="Tests\Feature\EntrevueConceptTest" classname="Tests.Feature.EntrevueConceptTest" assertions="1" time="0.027568"/>
        <testcase name="un document verrouillé refuse la création de concepts (403)" file="tests\Feature\EntrevueConceptTest.php::un document verrouillé refuse la création de concepts (403)" class="Tests\Feature\EntrevueConceptTest" classname="Tests.Feature.EntrevueConceptTest" assertions="1" time="0.034507"/>
        <testcase name="un membre peut mettre à jour le label d'un concept" file="tests\Feature\EntrevueConceptTest.php::un membre peut mettre à jour le label d'un concept" class="Tests\Feature\EntrevueConceptTest" classname="Tests.Feature.EntrevueConceptTest" assertions="3" time="0.029764"/>
        <testcase name="un concept d'une autre section est refusé à la mise à jour (404)" file="tests\Feature\EntrevueConceptTest.php::un concept d'une autre section est refusé à la mise à jour (404)" class="Tests\Feature\EntrevueConceptTest" classname="Tests.Feature.EntrevueConceptTest" assertions="1" time="0.028012"/>
        <testcase name="un membre peut supprimer un concept" file="tests\Feature\EntrevueConceptTest.php::un membre peut supprimer un concept" class="Tests\Feature\EntrevueConceptTest" classname="Tests.Feature.EntrevueConceptTest" assertions="3" time="0.028972"/>
        <testcase name="supprimer un concept réordonne les suivants" file="tests\Feature\EntrevueConceptTest.php::supprimer un concept réordonne les suivants" class="Tests\Feature\EntrevueConceptTest" classname="Tests.Feature.EntrevueConceptTest" assertions="2" time="0.030623"/>
        <testcase name="un membre peut réordonner les concepts" file="tests\Feature\EntrevueConceptTest.php::un membre peut réordonner les concepts" class="Tests\Feature\EntrevueConceptTest" classname="Tests.Feature.EntrevueConceptTest" assertions="4" time="0.026531"/>
        <testcase name="un membre peut ajouter une ligne à un concept" file="tests\Feature\EntrevueConceptTest.php::un membre peut ajouter une ligne à un concept" class="Tests\Feature\EntrevueConceptTest" classname="Tests.Feature.EntrevueConceptTest" assertions="4" time="0.034332"/>
        <testcase name="un membre peut mettre à jour une ligne (dimension/indicateur/questions)" file="tests\Feature\EntrevueConceptTest.php::un membre peut mettre à jour une ligne (dimension/indicateur/questions)" class="Tests\Feature\EntrevueConceptTest" classname="Tests.Feature.EntrevueConceptTest" assertions="5" time="0.028076"/>
        <testcase name="une ligne appartenant à un autre concept est refusée (404)" file="tests\Feature\EntrevueConceptTest.php::une ligne appartenant à un autre concept est refusée (404)" class="Tests\Feature\EntrevueConceptTest" classname="Tests.Feature.EntrevueConceptTest" assertions="1" time="0.027754"/>
        <testcase name="un membre peut supprimer une ligne" file="tests\Feature\EntrevueConceptTest.php::un membre peut supprimer une ligne" class="Tests\Feature\EntrevueConceptTest" classname="Tests.Feature.EntrevueConceptTest" assertions="3" time="0.032848"/>
        <testcase name="supprimer une ligne réordonne les suivantes" file="tests\Feature\EntrevueConceptTest.php::supprimer une ligne réordonne les suivantes" class="Tests\Feature\EntrevueConceptTest" classname="Tests.Feature.EntrevueConceptTest" assertions="2" time="0.034217"/>
        <testcase name="un type de projet d'un autre enseignant est refusé (404)" file="tests\Feature\EntrevueConceptTest.php::un type de projet d'un autre enseignant est refusé (404)" class="Tests\Feature\EntrevueConceptTest" classname="Tests.Feature.EntrevueConceptTest" assertions="1" time="0.028578"/>
      </testsuite>
      <testsuite name="Tests\Feature\EtablissementTest" file="tests\Feature\EtablissementTest.php" tests="12" assertions="49" errors="0" failures="0" skipped="0" time="0.320583">
        <testcase name="admin peut créer un établissement" file="tests\Feature\EtablissementTest.php::admin peut créer un établissement" class="Tests\Feature\EtablissementTest" classname="Tests.Feature.EtablissementTest" assertions="2" time="0.043423"/>
        <testcase name="admin peut modifier un établissement" file="tests\Feature\EtablissementTest.php::admin peut modifier un établissement" class="Tests\Feature\EtablissementTest" classname="Tests.Feature.EtablissementTest" assertions="2" time="0.024467"/>
        <testcase name="admin peut supprimer un établissement" file="tests\Feature\EtablissementTest.php::admin peut supprimer un établissement" class="Tests\Feature\EtablissementTest" classname="Tests.Feature.EtablissementTest" assertions="2" time="0.020357"/>
        <testcase name="non-admin ne peut pas acceder aux routes etablissements" file="tests\Feature\EtablissementTest.php::non-admin ne peut pas acceder aux routes etablissements" class="Tests\Feature\EtablissementTest" classname="Tests.Feature.EtablissementTest" assertions="2" time="0.018543"/>
        <testcase name="creation etablissement echoue sans nom" file="tests\Feature\EtablissementTest.php::creation etablissement echoue sans nom" class="Tests\Feature\EtablissementTest" classname="Tests.Feature.EtablissementTest" assertions="2" time="0.026562"/>
        <testcase name="thematique creee par un enseignant herite de son etablissement" file="tests\Feature\EtablissementTest.php::thematique creee par un enseignant herite de son etablissement" class="Tests\Feature\EtablissementTest" classname="Tests.Feature.EtablissementTest" assertions="2" time="0.025000"/>
        <testcase name="enseignant voit les thematiques de tout son cegep" file="tests\Feature\EtablissementTest.php::enseignant voit les thematiques de tout son cegep" class="Tests\Feature\EtablissementTest" classname="Tests.Feature.EtablissementTest" assertions="9" time="0.032979"/>
        <testcase name="enseignant ne voit pas les thematiques d_un autre cegep" file="tests\Feature\EtablissementTest.php::enseignant ne voit pas les thematiques d_un autre cegep" class="Tests\Feature\EtablissementTest" classname="Tests.Feature.EtablissementTest" assertions="9" time="0.031003"/>
        <testcase name="pa peut s_inscrire avec un etablissement valide" file="tests\Feature\EtablissementTest.php::pa peut s_inscrire avec un etablissement valide" class="Tests\Feature\EtablissementTest" classname="Tests.Feature.EtablissementTest" assertions="6" time="0.028321"/>
        <testcase name="pa ne peut pas s_inscrire sans etablissement" file="tests\Feature\EtablissementTest.php::pa ne peut pas s_inscrire sans etablissement" class="Tests\Feature\EtablissementTest" classname="Tests.Feature.EtablissementTest" assertions="2" time="0.017874"/>
        <testcase name="page inscription temoin retourne les etablissements" file="tests\Feature\EtablissementTest.php::page inscription temoin retourne les etablissements" class="Tests\Feature\EtablissementTest" classname="Tests.Feature.EtablissementTest" assertions="9" time="0.025772"/>
        <testcase name="supprimer un etablissement met etablissement_id a null sur les users" file="tests\Feature\EtablissementTest.php::supprimer un etablissement met etablissement_id a null sur les users" class="Tests\Feature\EtablissementTest" classname="Tests.Feature.EtablissementTest" assertions="2" time="0.026281"/>
      </testsuite>
      <testsuite name="Tests\Feature\ExampleTest" file="tests\Feature\ExampleTest.php" tests="1" assertions="2" errors="0" failures="0" skipped="0" time="0.027157">
        <testcase name="la page home redirige les visiteurs non connectés vers login" file="tests\Feature\ExampleTest.php::la page home redirige les visiteurs non connectés vers login" class="Tests\Feature\ExampleTest" classname="Tests.Feature.ExampleTest" assertions="2" time="0.027157"/>
      </testsuite>
      <testsuite name="Tests\Feature\ExportProjetFlagsTest" file="tests\Feature\ExportProjetFlagsTest.php" tests="14" assertions="29" errors="0" failures="0" skipped="0" time="0.517150">
        <testcase name="mettre generer_page_titre à false via PUT persiste bien false en base" file="tests\Feature\ExportProjetFlagsTest.php::mettre generer_page_titre à false via PUT persiste bien false en base" class="Tests\Feature\ExportProjetFlagsTest" classname="Tests.Feature.ExportProjetFlagsTest" assertions="2" time="0.023003"/>
        <testcase name="mettre generer_table_matieres à false via PUT persiste bien false en base" file="tests\Feature\ExportProjetFlagsTest.php::mettre generer_table_matieres à false via PUT persiste bien false en base" class="Tests\Feature\ExportProjetFlagsTest" classname="Tests.Feature.ExportProjetFlagsTest" assertions="2" time="0.027177"/>
        <testcase name="désactiver les deux flags simultanément persiste en base" file="tests\Feature\ExportProjetFlagsTest.php::désactiver les deux flags simultanément persiste en base" class="Tests\Feature\ExportProjetFlagsTest" classname="Tests.Feature.ExportProjetFlagsTest" assertions="2" time="0.031845"/>
        <testcase name="la vue export blade n'inclut pas la page titre quand generer_page_titre est false et contenu vide" file="tests\Feature\ExportProjetFlagsTest.php::la vue export blade n'inclut pas la page titre quand generer_page_titre est false et contenu vide" class="Tests\Feature\ExportProjetFlagsTest" classname="Tests.Feature.ExportProjetFlagsTest" assertions="1" time="0.028514"/>
        <testcase name="la vue export blade inclut la page titre quand generer_page_titre est true" file="tests\Feature\ExportProjetFlagsTest.php::la vue export blade inclut la page titre quand generer_page_titre est true" class="Tests\Feature\ExportProjetFlagsTest" classname="Tests.Feature.ExportProjetFlagsTest" assertions="1" time="0.046265"/>
        <testcase name="la vue export blade n'inclut pas la table des matières quand generer_table_matieres est false et contenu vide" file="tests\Feature\ExportProjetFlagsTest.php::la vue export blade n'inclut pas la table des matières quand generer_table_matieres est false et contenu vide" class="Tests\Feature\ExportProjetFlagsTest" classname="Tests.Feature.ExportProjetFlagsTest" assertions="1" time="0.033717"/>
        <testcase name="la vue blade inclut le contenu manuel de la page titre quand generer_page_titre est false" file="tests\Feature\ExportProjetFlagsTest.php::la vue blade inclut le contenu manuel de la page titre quand generer_page_titre est false" class="Tests\Feature\ExportProjetFlagsTest" classname="Tests.Feature.ExportProjetFlagsTest" assertions="2" time="0.036625"/>
        <testcase name="la vue blade inclut le contenu manuel de la table des matières quand generer_table_matieres est false" file="tests\Feature\ExportProjetFlagsTest.php::la vue blade inclut le contenu manuel de la table des matières quand generer_table_matieres est false" class="Tests\Feature\ExportProjetFlagsTest" classname="Tests.Feature.ExportProjetFlagsTest" assertions="2" time="0.034753"/>
        <testcase name="PUT projet persiste page_titre_contenu en base" file="tests\Feature\ExportProjetFlagsTest.php::PUT projet persiste page_titre_contenu en base" class="Tests\Feature\ExportProjetFlagsTest" classname="Tests.Feature.ExportProjetFlagsTest" assertions="2" time="0.035432"/>
        <testcase name="PUT projet persiste table_matieres_contenu en base" file="tests\Feature\ExportProjetFlagsTest.php::PUT projet persiste table_matieres_contenu en base" class="Tests\Feature\ExportProjetFlagsTest" classname="Tests.Feature.ExportProjetFlagsTest" assertions="2" time="0.032929"/>
        <testcase name="l'export PDF retourne 200 avec contenu page titre manuel" file="tests\Feature\ExportProjetFlagsTest.php::l'export PDF retourne 200 avec contenu page titre manuel" class="Tests\Feature\ExportProjetFlagsTest" classname="Tests.Feature.ExportProjetFlagsTest" assertions="3" time="0.067317"/>
        <testcase name="l'export Word retourne 200 avec contenu table des matières manuel" file="tests\Feature\ExportProjetFlagsTest.php::l'export Word retourne 200 avec contenu table des matières manuel" class="Tests\Feature\ExportProjetFlagsTest" classname="Tests.Feature.ExportProjetFlagsTest" assertions="3" time="0.041851"/>
        <testcase name="l'export PDF retourne 200 quand les deux flags sont désactivés" file="tests\Feature\ExportProjetFlagsTest.php::l'export PDF retourne 200 quand les deux flags sont désactivés" class="Tests\Feature\ExportProjetFlagsTest" classname="Tests.Feature.ExportProjetFlagsTest" assertions="3" time="0.042657"/>
        <testcase name="l'export Word retourne 200 quand les deux flags sont désactivés" file="tests\Feature\ExportProjetFlagsTest.php::l'export Word retourne 200 quand les deux flags sont désactivés" class="Tests\Feature\ExportProjetFlagsTest" classname="Tests.Feature.ExportProjetFlagsTest" assertions="3" time="0.035067"/>
      </testsuite>
      <testsuite name="Tests\Feature\GrilleCorrectionTest" file="tests\Feature\GrilleCorrectionTest.php" tests="14" assertions="33" errors="0" failures="0" skipped="0" time="0.369984">
        <testcase name="l'enseignant peut accéder à la page de gestion de la grille de son type de projet" file="tests\Feature\GrilleCorrectionTest.php::l'enseignant peut accéder à la page de gestion de la grille de son type de projet" class="Tests\Feature\GrilleCorrectionTest" classname="Tests.Feature.GrilleCorrectionTest" assertions="7" time="0.050835"/>
        <testcase name="un enseignant ne peut pas accéder à la grille d'un type de projet qui ne lui appartient pas" file="tests\Feature\GrilleCorrectionTest.php::un enseignant ne peut pas accéder à la grille d'un type de projet qui ne lui appartient pas" class="Tests\Feature\GrilleCorrectionTest" classname="Tests.Feature.GrilleCorrectionTest" assertions="1" time="0.026904"/>
        <testcase name="un étudiant est redirigé depuis la page de gestion de la grille (rôle insuffisant)" file="tests\Feature\GrilleCorrectionTest.php::un étudiant est redirigé depuis la page de gestion de la grille (rôle insuffisant)" class="Tests\Feature\GrilleCorrectionTest" classname="Tests.Feature.GrilleCorrectionTest" assertions="1" time="0.021612"/>
        <testcase name="l'enseignant peut créer une grille de correction pour son type de projet" file="tests\Feature\GrilleCorrectionTest.php::l'enseignant peut créer une grille de correction pour son type de projet" class="Tests\Feature\GrilleCorrectionTest" classname="Tests.Feature.GrilleCorrectionTest" assertions="5" time="0.023715"/>
        <testcase name="l'enseignant peut créer une grille avec des malus" file="tests\Feature\GrilleCorrectionTest.php::l'enseignant peut créer une grille avec des malus" class="Tests\Feature\GrilleCorrectionTest" classname="Tests.Feature.GrilleCorrectionTest" assertions="3" time="0.024169"/>
        <testcase name="la somme des pondérations doit être exactement 100" file="tests\Feature\GrilleCorrectionTest.php::la somme des pondérations doit être exactement 100" class="Tests\Feature\GrilleCorrectionTest" classname="Tests.Feature.GrilleCorrectionTest" assertions="1" time="0.020032"/>
        <testcase name="chaque critère doit avoir un libellé non vide" file="tests\Feature\GrilleCorrectionTest.php::chaque critère doit avoir un libellé non vide" class="Tests\Feature\GrilleCorrectionTest" classname="Tests.Feature.GrilleCorrectionTest" assertions="1" time="0.020630"/>
        <testcase name="la liste de critères ne peut pas être vide" file="tests\Feature\GrilleCorrectionTest.php::la liste de critères ne peut pas être vide" class="Tests\Feature\GrilleCorrectionTest" classname="Tests.Feature.GrilleCorrectionTest" assertions="1" time="0.023552"/>
        <testcase name="l'enseignant ne peut pas créer une seconde grille si le type de projet en a déjà une" file="tests\Feature\GrilleCorrectionTest.php::l'enseignant ne peut pas créer une seconde grille si le type de projet en a déjà une" class="Tests\Feature\GrilleCorrectionTest" classname="Tests.Feature.GrilleCorrectionTest" assertions="1" time="0.022892"/>
        <testcase name="l'enseignant peut modifier la grille de son type de projet" file="tests\Feature\GrilleCorrectionTest.php::l'enseignant peut modifier la grille de son type de projet" class="Tests\Feature\GrilleCorrectionTest" classname="Tests.Feature.GrilleCorrectionTest" assertions="4" time="0.026380"/>
        <testcase name="un critère retiré lors de la mise à jour est supprimé de la base" file="tests\Feature\GrilleCorrectionTest.php::un critère retiré lors de la mise à jour est supprimé de la base" class="Tests\Feature\GrilleCorrectionTest" classname="Tests.Feature.GrilleCorrectionTest" assertions="3" time="0.027929"/>
        <testcase name="un enseignant ne peut pas modifier la grille d'un type de projet qui ne lui appartient pas" file="tests\Feature\GrilleCorrectionTest.php::un enseignant ne peut pas modifier la grille d'un type de projet qui ne lui appartient pas" class="Tests\Feature\GrilleCorrectionTest" classname="Tests.Feature.GrilleCorrectionTest" assertions="1" time="0.030670"/>
        <testcase name="l'enseignant peut supprimer la grille de son type de projet" file="tests\Feature\GrilleCorrectionTest.php::l'enseignant peut supprimer la grille de son type de projet" class="Tests\Feature\GrilleCorrectionTest" classname="Tests.Feature.GrilleCorrectionTest" assertions="3" time="0.024392"/>
        <testcase name="un enseignant ne peut pas supprimer la grille d'un type de projet qui ne lui appartient pas" file="tests\Feature\GrilleCorrectionTest.php::un enseignant ne peut pas supprimer la grille d'un type de projet qui ne lui appartient pas" class="Tests\Feature\GrilleCorrectionTest" classname="Tests.Feature.GrilleCorrectionTest" assertions="1" time="0.026272"/>
      </testsuite>
      <testsuite name="Tests\Feature\GroupeIndexTest" file="tests\Feature\GroupeIndexTest.php" tests="9" assertions="42" errors="0" failures="0" skipped="0" time="0.282151">
        <testcase name="étudiant avec groupe est redirigé vers groupes show" file="tests\Feature\GroupeIndexTest.php::étudiant avec groupe est redirigé vers groupes show" class="Tests\Feature\GroupeIndexTest" classname="Tests.Feature.GroupeIndexTest" assertions="2" time="0.034219"/>
        <testcase name="étudiant sans groupe voit la page de création" file="tests\Feature\GroupeIndexTest.php::étudiant sans groupe voit la page de création" class="Tests\Feature\GroupeIndexTest" classname="Tests.Feature.GroupeIndexTest" assertions="13" time="0.037010"/>
        <testcase name="étudiant non inscrit ne peut pas accéder à groupes index" file="tests\Feature\GroupeIndexTest.php::étudiant non inscrit ne peut pas accéder à groupes index" class="Tests\Feature\GroupeIndexTest" classname="Tests.Feature.GroupeIndexTest" assertions="1" time="0.026478"/>
        <testcase name="cours et classe incompatibles renvoient 404" file="tests\Feature\GroupeIndexTest.php::cours et classe incompatibles renvoient 404" class="Tests\Feature\GroupeIndexTest" classname="Tests.Feature.GroupeIndexTest" assertions="1" time="0.025862"/>
        <testcase name="la route etudiant.index redirige vers cours.index" file="tests\Feature\GroupeIndexTest.php::la route etudiant.index redirige vers cours.index" class="Tests\Feature\GroupeIndexTest" classname="Tests.Feature.GroupeIndexTest" assertions="2" time="0.020335"/>
        <testcase name="index exclut les étudiants déjà dans un groupe de autresEtudiants" file="tests\Feature\GroupeIndexTest.php::index exclut les étudiants déjà dans un groupe de autresEtudiants" class="Tests\Feature\GroupeIndexTest" classname="Tests.Feature.GroupeIndexTest" assertions="10" time="0.034811"/>
        <testcase name="store ignore les membres déjà dans un autre groupe" file="tests\Feature\GroupeIndexTest.php::store ignore les membres déjà dans un autre groupe" class="Tests\Feature\GroupeIndexTest" classname="Tests.Feature.GroupeIndexTest" assertions="2" time="0.029798"/>
        <testcase name="show exclut de etudiantsDispo les étudiants dans un autre groupe" file="tests\Feature\GroupeIndexTest.php::show exclut de etudiantsDispo les étudiants dans un autre groupe" class="Tests\Feature\GroupeIndexTest" classname="Tests.Feature.GroupeIndexTest" assertions="10" time="0.044780"/>
        <testcase name="updateMembres ignore les étudiants déjà dans un autre groupe" file="tests\Feature\GroupeIndexTest.php::updateMembres ignore les étudiants déjà dans un autre groupe" class="Tests\Feature\GroupeIndexTest" classname="Tests.Feature.GroupeIndexTest" assertions="1" time="0.028858"/>
      </testsuite>
      <testsuite name="Tests\Feature\PersonneAgee\AdminApprobationTest" file="tests\Feature\PersonneAgee\AdminApprobationTest.php" tests="12" assertions="63" errors="0" failures="0" skipped="0" time="0.315364">
        <testcase name="un admin peut approuver un témoin en attente" file="tests\Feature\PersonneAgee\AdminApprobationTest.php::un admin peut approuver un témoin en attente" class="Tests\Feature\PersonneAgee\AdminApprobationTest" classname="Tests.Feature.PersonneAgee.AdminApprobationTest" assertions="3" time="0.036406"/>
        <testcase name="un non-admin est redirigé s'il tente d'approuver un témoin" file="tests\Feature\PersonneAgee\AdminApprobationTest.php::un non-admin est redirigé s'il tente d'approuver un témoin" class="Tests\Feature\PersonneAgee\AdminApprobationTest" classname="Tests.Feature.PersonneAgee.AdminApprobationTest" assertions="2" time="0.023637"/>
        <testcase name="on ne peut pas approuver un utilisateur qui n'est pas personne_agee" file="tests\Feature\PersonneAgee\AdminApprobationTest.php::on ne peut pas approuver un utilisateur qui n'est pas personne_agee" class="Tests\Feature\PersonneAgee\AdminApprobationTest" classname="Tests.Feature.PersonneAgee.AdminApprobationTest" assertions="1" time="0.023424"/>
        <testcase name="on ne peut pas approuver un témoin déjà actif" file="tests\Feature\PersonneAgee\AdminApprobationTest.php::on ne peut pas approuver un témoin déjà actif" class="Tests\Feature\PersonneAgee\AdminApprobationTest" classname="Tests.Feature.PersonneAgee.AdminApprobationTest" assertions="1" time="0.022793"/>
        <testcase name="un invité ne peut pas approuver un témoin" file="tests\Feature\PersonneAgee\AdminApprobationTest.php::un invité ne peut pas approuver un témoin" class="Tests\Feature\PersonneAgee\AdminApprobationTest" classname="Tests.Feature.PersonneAgee.AdminApprobationTest" assertions="2" time="0.021649"/>
        <testcase name="le panneau admin affiche les témoins en attente" file="tests\Feature\PersonneAgee\AdminApprobationTest.php::le panneau admin affiche les témoins en attente" class="Tests\Feature\PersonneAgee\AdminApprobationTest" classname="Tests.Feature.PersonneAgee.AdminApprobationTest" assertions="11" time="0.030074"/>
        <testcase name="les témoins actifs n'apparaissent pas dans la liste en attente" file="tests\Feature\PersonneAgee\AdminApprobationTest.php::les témoins actifs n'apparaissent pas dans la liste en attente" class="Tests\Feature\PersonneAgee\AdminApprobationTest" classname="Tests.Feature.PersonneAgee.AdminApprobationTest" assertions="9" time="0.028648"/>
        <testcase name="une personne âgée approuvée accède à sa page d'accueil" file="tests\Feature\PersonneAgee\AdminApprobationTest.php::une personne âgée approuvée accède à sa page d'accueil" class="Tests\Feature\PersonneAgee\AdminApprobationTest" classname="Tests.Feature.PersonneAgee.AdminApprobationTest" assertions="8" time="0.026091"/>
        <testcase name="un étudiant ne peut pas accéder à la page personne âgée" file="tests\Feature\PersonneAgee\AdminApprobationTest.php::un étudiant ne peut pas accéder à la page personne âgée" class="Tests\Feature\PersonneAgee\AdminApprobationTest" classname="Tests.Feature.PersonneAgee.AdminApprobationTest" assertions="2" time="0.020235"/>
        <testcase name="le dashboard redirige une PA approuvée vers sa page" file="tests\Feature\PersonneAgee\AdminApprobationTest.php::le dashboard redirige une PA approuvée vers sa page" class="Tests\Feature\PersonneAgee\AdminApprobationTest" classname="Tests.Feature.PersonneAgee.AdminApprobationTest" assertions="2" time="0.023898"/>
        <testcase name="le panneau admin expose thematiques_choisies pour les PA en attente" file="tests\Feature\PersonneAgee\AdminApprobationTest.php::le panneau admin expose thematiques_choisies pour les PA en attente" class="Tests\Feature\PersonneAgee\AdminApprobationTest" classname="Tests.Feature.PersonneAgee.AdminApprobationTest" assertions="13" time="0.030537"/>
        <testcase name="le panneau admin expose theme_libre depuis le pivot user_etablissement" file="tests\Feature\PersonneAgee\AdminApprobationTest.php::le panneau admin expose theme_libre depuis le pivot user_etablissement" class="Tests\Feature\PersonneAgee\AdminApprobationTest" classname="Tests.Feature.PersonneAgee.AdminApprobationTest" assertions="9" time="0.027971"/>
      </testsuite>
      <testsuite name="Tests\Feature\PersonneAgee\DeclinerTemoinTest" file="tests\Feature\PersonneAgee\DeclinerTemoinTest.php" tests="9" assertions="27" errors="0" failures="0" skipped="0" time="0.226816">
        <testcase name="un admin peut décliner un témoin en attente" file="tests\Feature\PersonneAgee\DeclinerTemoinTest.php::un admin peut décliner un témoin en attente" class="Tests\Feature\PersonneAgee\DeclinerTemoinTest" classname="Tests.Feature.PersonneAgee.DeclinerTemoinTest" assertions="2" time="0.027073"/>
        <testcase name="un non-admin est redirigé s'il tente de décliner un témoin via admin" file="tests\Feature\PersonneAgee\DeclinerTemoinTest.php::un non-admin est redirigé s'il tente de décliner un témoin via admin" class="Tests\Feature\PersonneAgee\DeclinerTemoinTest" classname="Tests.Feature.PersonneAgee.DeclinerTemoinTest" assertions="2" time="0.018484"/>
        <testcase name="un admin ne peut pas décliner un utilisateur qui n'est pas personne_agee" file="tests\Feature\PersonneAgee\DeclinerTemoinTest.php::un admin ne peut pas décliner un utilisateur qui n'est pas personne_agee" class="Tests\Feature\PersonneAgee\DeclinerTemoinTest" classname="Tests.Feature.PersonneAgee.DeclinerTemoinTest" assertions="1" time="0.020219"/>
        <testcase name="un admin ne peut pas décliner un témoin déjà actif" file="tests\Feature\PersonneAgee\DeclinerTemoinTest.php::un admin ne peut pas décliner un témoin déjà actif" class="Tests\Feature\PersonneAgee\DeclinerTemoinTest" classname="Tests.Feature.PersonneAgee.DeclinerTemoinTest" assertions="1" time="0.023056"/>
        <testcase name="un enseignant peut décliner un témoin lié à ses thématiques" file="tests\Feature\PersonneAgee\DeclinerTemoinTest.php::un enseignant peut décliner un témoin lié à ses thématiques" class="Tests\Feature\PersonneAgee\DeclinerTemoinTest" classname="Tests.Feature.PersonneAgee.DeclinerTemoinTest" assertions="2" time="0.022600"/>
        <testcase name="un enseignant ne peut pas décliner un témoin sans thématique commune" file="tests\Feature\PersonneAgee\DeclinerTemoinTest.php::un enseignant ne peut pas décliner un témoin sans thématique commune" class="Tests\Feature\PersonneAgee\DeclinerTemoinTest" classname="Tests.Feature.PersonneAgee.DeclinerTemoinTest" assertions="1" time="0.027122"/>
        <testcase name="un enseignant ne peut pas décliner un témoin déjà actif" file="tests\Feature\PersonneAgee\DeclinerTemoinTest.php::un enseignant ne peut pas décliner un témoin déjà actif" class="Tests\Feature\PersonneAgee\DeclinerTemoinTest" classname="Tests.Feature.PersonneAgee.DeclinerTemoinTest" assertions="1" time="0.022356"/>
        <testcase name="un invité est redirigé vers /login s'il tente de décliner" file="tests\Feature\PersonneAgee\DeclinerTemoinTest.php::un invité est redirigé vers /login s'il tente de décliner" class="Tests\Feature\PersonneAgee\DeclinerTemoinTest" classname="Tests.Feature.PersonneAgee.DeclinerTemoinTest" assertions="2" time="0.017393"/>
        <testcase name="l'index enseignant expose uniquement les témoins approuvés par cet enseignant" file="tests\Feature\PersonneAgee\DeclinerTemoinTest.php::l'index enseignant expose uniquement les témoins approuvés par cet enseignant" class="Tests\Feature\PersonneAgee\DeclinerTemoinTest" classname="Tests.Feature.PersonneAgee.DeclinerTemoinTest" assertions="15" time="0.048513"/>
      </testsuite>
      <testsuite name="Tests\Feature\PersonneAgee\InscriptionTemoinTest" file="tests\Feature\PersonneAgee\InscriptionTemoinTest.php" tests="24" assertions="52" errors="0" failures="0" skipped="0" time="0.535477">
        <testcase name="la page d'inscription témoin est accessible sans authentification" file="tests\Feature\PersonneAgee\InscriptionTemoinTest.php::la page d'inscription témoin est accessible sans authentification" class="Tests\Feature\PersonneAgee\InscriptionTemoinTest" classname="Tests.Feature.PersonneAgee.InscriptionTemoinTest" assertions="1" time="0.030630"/>
        <testcase name="un utilisateur connecté peut quand même accéder à la page d'inscription" file="tests\Feature\PersonneAgee\InscriptionTemoinTest.php::un utilisateur connecté peut quand même accéder à la page d'inscription" class="Tests\Feature\PersonneAgee\InscriptionTemoinTest" classname="Tests.Feature.PersonneAgee.InscriptionTemoinTest" assertions="1" time="0.027050"/>
        <testcase name="une inscription valide redirige vers la page des engagements" file="tests\Feature\PersonneAgee\InscriptionTemoinTest.php::une inscription valide redirige vers la page des engagements" class="Tests\Feature\PersonneAgee\InscriptionTemoinTest" classname="Tests.Feature.PersonneAgee.InscriptionTemoinTest" assertions="3" time="0.022948"/>
        <testcase name="les données de l'étape 1 sont stockées en session lors d'une soumission valide" file="tests\Feature\PersonneAgee\InscriptionTemoinTest.php::les données de l'étape 1 sont stockées en session lors d'une soumission valide" class="Tests\Feature\PersonneAgee\InscriptionTemoinTest" classname="Tests.Feature.PersonneAgee.InscriptionTemoinTest" assertions="1" time="0.023602"/>
        <testcase name="un email déjà utilisé est rejeté à l'étape 1" file="tests\Feature\PersonneAgee\InscriptionTemoinTest.php::un email déjà utilisé est rejeté à l'étape 1" class="Tests\Feature\PersonneAgee\InscriptionTemoinTest" classname="Tests.Feature.PersonneAgee.InscriptionTemoinTest" assertions="2" time="0.023549"/>
        <testsuite name="les champs obligatoires sont validés à l'étape 1" tests="5" assertions="10" errors="0" failures="0" skipped="0" time="0.096315">
          <testcase name="les champs obligatoires sont validés à l'étape 1 with data set &quot;('prenom')&quot;" file="tests\Feature\PersonneAgee\InscriptionTemoinTest.php::les champs obligatoires sont validés à l'étape 1 with data set &quot;('prenom')&quot;" class="Tests\Feature\PersonneAgee\InscriptionTemoinTest" classname="Tests.Feature.PersonneAgee.InscriptionTemoinTest" assertions="2" time="0.020346"/>
          <testcase name="les champs obligatoires sont validés à l'étape 1 with data set &quot;('nom')&quot;" file="tests\Feature\PersonneAgee\InscriptionTemoinTest.php::les champs obligatoires sont validés à l'étape 1 with data set &quot;('nom')&quot;" class="Tests\Feature\PersonneAgee\InscriptionTemoinTest" classname="Tests.Feature.PersonneAgee.InscriptionTemoinTest" assertions="2" time="0.021487"/>
          <testcase name="les champs obligatoires sont validés à l'étape 1 with data set &quot;('email')&quot;" file="tests\Feature\PersonneAgee\InscriptionTemoinTest.php::les champs obligatoires sont validés à l'étape 1 with data set &quot;('email')&quot;" class="Tests\Feature\PersonneAgee\InscriptionTemoinTest" classname="Tests.Feature.PersonneAgee.InscriptionTemoinTest" assertions="2" time="0.016078"/>
          <testcase name="les champs obligatoires sont validés à l'étape 1 with data set &quot;('password')&quot;" file="tests\Feature\PersonneAgee\InscriptionTemoinTest.php::les champs obligatoires sont validés à l'étape 1 with data set &quot;('password')&quot;" class="Tests\Feature\PersonneAgee\InscriptionTemoinTest" classname="Tests.Feature.PersonneAgee.InscriptionTemoinTest" assertions="2" time="0.017062"/>
          <testcase name="les champs obligatoires sont validés à l'étape 1 with data set &quot;('description')&quot;" file="tests\Feature\PersonneAgee\InscriptionTemoinTest.php::les champs obligatoires sont validés à l'étape 1 with data set &quot;('description')&quot;" class="Tests\Feature\PersonneAgee\InscriptionTemoinTest" classname="Tests.Feature.PersonneAgee.InscriptionTemoinTest" assertions="2" time="0.021343"/>
        </testsuite>
        <testcase name="ni thematique_id ni theme_libre retourne une erreur à l'étape 1" file="tests\Feature\PersonneAgee\InscriptionTemoinTest.php::ni thematique_id ni theme_libre retourne une erreur à l'étape 1" class="Tests\Feature\PersonneAgee\InscriptionTemoinTest" classname="Tests.Feature.PersonneAgee.InscriptionTemoinTest" assertions="2" time="0.033625"/>
        <testcase name="une thematique_id inexistante est rejetée à l'étape 1" file="tests\Feature\PersonneAgee\InscriptionTemoinTest.php::une thematique_id inexistante est rejetée à l'étape 1" class="Tests\Feature\PersonneAgee\InscriptionTemoinTest" classname="Tests.Feature.PersonneAgee.InscriptionTemoinTest" assertions="2" time="0.021304"/>
        <testcase name="les mots de passe non concordants sont rejetés à l'étape 1" file="tests\Feature\PersonneAgee\InscriptionTemoinTest.php::les mots de passe non concordants sont rejetés à l'étape 1" class="Tests\Feature\PersonneAgee\InscriptionTemoinTest" classname="Tests.Feature.PersonneAgee.InscriptionTemoinTest" assertions="2" time="0.019737"/>
        <testcase name="la page des engagements est accessible si la session est présente" file="tests\Feature\PersonneAgee\InscriptionTemoinTest.php::la page des engagements est accessible si la session est présente" class="Tests\Feature\PersonneAgee\InscriptionTemoinTest" classname="Tests.Feature.PersonneAgee.InscriptionTemoinTest" assertions="1" time="0.021942"/>
        <testcase name="la page des engagements redirige vers l'étape 1 si la session est absente" file="tests\Feature\PersonneAgee\InscriptionTemoinTest.php::la page des engagements redirige vers l'étape 1 si la session est absente" class="Tests\Feature\PersonneAgee\InscriptionTemoinTest" classname="Tests.Feature.PersonneAgee.InscriptionTemoinTest" assertions="2" time="0.014682"/>
        <testcase name="une inscription complète en deux étapes crée un utilisateur en_attente avec signature" file="tests\Feature\PersonneAgee\InscriptionTemoinTest.php::une inscription complète en deux étapes crée un utilisateur en_attente avec signature" class="Tests\Feature\PersonneAgee\InscriptionTemoinTest" classname="Tests.Feature.PersonneAgee.InscriptionTemoinTest" assertions="8" time="0.022683"/>
        <testcase name="une inscription avec thématique crée les pivots corrects" file="tests\Feature\PersonneAgee\InscriptionTemoinTest.php::une inscription avec thématique crée les pivots corrects" class="Tests\Feature\PersonneAgee\InscriptionTemoinTest" classname="Tests.Feature.PersonneAgee.InscriptionTemoinTest" assertions="4" time="0.028211"/>
        <testcase name="la session est effacée après la soumission de l'étape 2" file="tests\Feature\PersonneAgee\InscriptionTemoinTest.php::la session est effacée après la soumission de l'étape 2" class="Tests\Feature\PersonneAgee\InscriptionTemoinTest" classname="Tests.Feature.PersonneAgee.InscriptionTemoinTest" assertions="1" time="0.024092"/>
        <testcase name="un engagement manquant est rejeté à l'étape 2" file="tests\Feature\PersonneAgee\InscriptionTemoinTest.php::un engagement manquant est rejeté à l'étape 2" class="Tests\Feature\PersonneAgee\InscriptionTemoinTest" classname="Tests.Feature.PersonneAgee.InscriptionTemoinTest" assertions="2" time="0.017574"/>
        <testcase name="la signature est obligatoire à l'étape 2" file="tests\Feature\PersonneAgee\InscriptionTemoinTest.php::la signature est obligatoire à l'étape 2" class="Tests\Feature\PersonneAgee\InscriptionTemoinTest" classname="Tests.Feature.PersonneAgee.InscriptionTemoinTest" assertions="2" time="0.016352"/>
        <testcase name="la signature doit contenir au moins 3 caractères" file="tests\Feature\PersonneAgee\InscriptionTemoinTest.php::la signature doit contenir au moins 3 caractères" class="Tests\Feature\PersonneAgee\InscriptionTemoinTest" classname="Tests.Feature.PersonneAgee.InscriptionTemoinTest" assertions="2" time="0.015807"/>
        <testcase name="l'étape 2 sans session redirige vers l'étape 1" file="tests\Feature\PersonneAgee\InscriptionTemoinTest.php::l'étape 2 sans session redirige vers l'étape 1" class="Tests\Feature\PersonneAgee\InscriptionTemoinTest" classname="Tests.Feature.PersonneAgee.InscriptionTemoinTest" assertions="2" time="0.016274"/>
        <testcase name="une personne âgée en_attente ne peut pas se connecter" file="tests\Feature\PersonneAgee\InscriptionTemoinTest.php::une personne âgée en_attente ne peut pas se connecter" class="Tests\Feature\PersonneAgee\InscriptionTemoinTest" classname="Tests.Feature.PersonneAgee.InscriptionTemoinTest" assertions="1" time="0.026341"/>
        <testcase name="une personne âgée approuvée peut se connecter et est redirigée vers sa page" file="tests\Feature\PersonneAgee\InscriptionTemoinTest.php::une personne âgée approuvée peut se connecter et est redirigée vers sa page" class="Tests\Feature\PersonneAgee\InscriptionTemoinTest" classname="Tests.Feature.PersonneAgee.InscriptionTemoinTest" assertions="3" time="0.032758"/>
      </testsuite>
      <testsuite name="Tests\Feature\PersonneAgee\ShowTemoinEnseignantTest" file="tests\Feature\PersonneAgee\ShowTemoinEnseignantTest.php" tests="14" assertions="102" errors="0" failures="0" skipped="0" time="0.414079">
        <testcase name="un enseignant peut voir la fiche d'un témoin lié à ses thématiques" file="tests\Feature\PersonneAgee\ShowTemoinEnseignantTest.php::un enseignant peut voir la fiche d'un témoin lié à ses thématiques" class="Tests\Feature\PersonneAgee\ShowTemoinEnseignantTest" classname="Tests.Feature.PersonneAgee.ShowTemoinEnseignantTest" assertions="16" time="0.048930"/>
        <testcase name="un enseignant peut voir la fiche d'un témoin approuvé lié à ses thématiques" file="tests\Feature\PersonneAgee\ShowTemoinEnseignantTest.php::un enseignant peut voir la fiche d'un témoin approuvé lié à ses thématiques" class="Tests\Feature\PersonneAgee\ShowTemoinEnseignantTest" classname="Tests.Feature.PersonneAgee.ShowTemoinEnseignantTest" assertions="10" time="0.029454"/>
        <testcase name="un enseignant ne peut pas voir la fiche d'un témoin sans thématique commune" file="tests\Feature\PersonneAgee\ShowTemoinEnseignantTest.php::un enseignant ne peut pas voir la fiche d'un témoin sans thématique commune" class="Tests\Feature\PersonneAgee\ShowTemoinEnseignantTest" classname="Tests.Feature.PersonneAgee.ShowTemoinEnseignantTest" assertions="1" time="0.024728"/>
        <testcase name="un enseignant ne peut pas voir la fiche d'un utilisateur qui n'est pas personne_agee" file="tests\Feature\PersonneAgee\ShowTemoinEnseignantTest.php::un enseignant ne peut pas voir la fiche d'un utilisateur qui n'est pas personne_agee" class="Tests\Feature\PersonneAgee\ShowTemoinEnseignantTest" classname="Tests.Feature.PersonneAgee.ShowTemoinEnseignantTest" assertions="1" time="0.022172"/>
        <testcase name="un invité est redirigé vers /login" file="tests\Feature\PersonneAgee\ShowTemoinEnseignantTest.php::un invité est redirigé vers /login" class="Tests\Feature\PersonneAgee\ShowTemoinEnseignantTest" classname="Tests.Feature.PersonneAgee.ShowTemoinEnseignantTest" assertions="2" time="0.019242"/>
        <testcase name="la fiche du témoin expose les champs de consentement au professeur" file="tests\Feature\PersonneAgee\ShowTemoinEnseignantTest.php::la fiche du témoin expose les champs de consentement au professeur" class="Tests\Feature\PersonneAgee\ShowTemoinEnseignantTest" classname="Tests.Feature.PersonneAgee.ShowTemoinEnseignantTest" assertions="11" time="0.029263"/>
        <testcase name="la fiche du témoin expose des champs de consentement nuls si non signés" file="tests\Feature\PersonneAgee\ShowTemoinEnseignantTest.php::la fiche du témoin expose des champs de consentement nuls si non signés" class="Tests\Feature\PersonneAgee\ShowTemoinEnseignantTest" classname="Tests.Feature.PersonneAgee.ShowTemoinEnseignantTest" assertions="12" time="0.025174"/>
        <testcase name="la fiche témoin expose theme_libre depuis le pivot user_etablissement" file="tests\Feature\PersonneAgee\ShowTemoinEnseignantTest.php::la fiche témoin expose theme_libre depuis le pivot user_etablissement" class="Tests\Feature\PersonneAgee\ShowTemoinEnseignantTest" classname="Tests.Feature.PersonneAgee.ShowTemoinEnseignantTest" assertions="9" time="0.025572"/>
        <testcase name="la fiche témoin expose theme_libre null si aucun thème libre dans les pivots" file="tests\Feature\PersonneAgee\ShowTemoinEnseignantTest.php::la fiche témoin expose theme_libre null si aucun thème libre dans les pivots" class="Tests\Feature\PersonneAgee\ShowTemoinEnseignantTest" classname="Tests.Feature.PersonneAgee.ShowTemoinEnseignantTest" assertions="9" time="0.025158"/>
        <testcase name="un enseignant peut désapprouver un témoin qu'il a approuvé" file="tests\Feature\PersonneAgee\ShowTemoinEnseignantTest.php::un enseignant peut désapprouver un témoin qu'il a approuvé" class="Tests\Feature\PersonneAgee\ShowTemoinEnseignantTest" classname="Tests.Feature.PersonneAgee.ShowTemoinEnseignantTest" assertions="4" time="0.026134"/>
        <testcase name="un enseignant ne peut pas désapprouver un témoin encore en attente" file="tests\Feature\PersonneAgee\ShowTemoinEnseignantTest.php::un enseignant ne peut pas désapprouver un témoin encore en attente" class="Tests\Feature\PersonneAgee\ShowTemoinEnseignantTest" classname="Tests.Feature.PersonneAgee.ShowTemoinEnseignantTest" assertions="1" time="0.022447"/>
        <testcase name="un enseignant ne peut pas désapprouver un témoin approuvé par un autre enseignant" file="tests\Feature\PersonneAgee\ShowTemoinEnseignantTest.php::un enseignant ne peut pas désapprouver un témoin approuvé par un autre enseignant" class="Tests\Feature\PersonneAgee\ShowTemoinEnseignantTest" classname="Tests.Feature.PersonneAgee.ShowTemoinEnseignantTest" assertions="1" time="0.023547"/>
        <testcase name="un enseignant qui approuve un témoin définit approuve_par_id" file="tests\Feature\PersonneAgee\ShowTemoinEnseignantTest.php::un enseignant qui approuve un témoin définit approuve_par_id" class="Tests\Feature\PersonneAgee\ShowTemoinEnseignantTest" classname="Tests.Feature.PersonneAgee.ShowTemoinEnseignantTest" assertions="4" time="0.047565"/>
        <testcase name="un enseignant approuvant un PA le retire de la liste des témoins en attente des autres enseignants" file="tests\Feature\PersonneAgee\ShowTemoinEnseignantTest.php::un enseignant approuvant un PA le retire de la liste des témoins en attente des autres enseignants" class="Tests\Feature\PersonneAgee\ShowTemoinEnseignantTest" classname="Tests.Feature.PersonneAgee.ShowTemoinEnseignantTest" assertions="21" time="0.044693"/>
      </testsuite>
      <testsuite name="Tests\Feature\PersonneAgee\SupprimerCompteTest" file="tests\Feature\PersonneAgee\SupprimerCompteTest.php" tests="8" assertions="17" errors="0" failures="0" skipped="0" time="0.212274">
        <testcase name="une personne âgée peut supprimer son propre compte" file="tests\Feature\PersonneAgee\SupprimerCompteTest.php::une personne âgée peut supprimer son propre compte" class="Tests\Feature\PersonneAgee\SupprimerCompteTest" classname="Tests.Feature.PersonneAgee.SupprimerCompteTest" assertions="3" time="0.032568"/>
        <testcase name="une PA est déconnectée après avoir supprimé son compte" file="tests\Feature\PersonneAgee\SupprimerCompteTest.php::une PA est déconnectée après avoir supprimé son compte" class="Tests\Feature\PersonneAgee\SupprimerCompteTest" classname="Tests.Feature.PersonneAgee.SupprimerCompteTest" assertions="1" time="0.024607"/>
        <testcase name="une PA ne peut pas supprimer son compte avec un mauvais mot de passe" file="tests\Feature\PersonneAgee\SupprimerCompteTest.php::une PA ne peut pas supprimer son compte avec un mauvais mot de passe" class="Tests\Feature\PersonneAgee\SupprimerCompteTest" classname="Tests.Feature.PersonneAgee.SupprimerCompteTest" assertions="2" time="0.023142"/>
        <testcase name="un étudiant ne peut pas supprimer son propre compte" file="tests\Feature\PersonneAgee\SupprimerCompteTest.php::un étudiant ne peut pas supprimer son propre compte" class="Tests\Feature\PersonneAgee\SupprimerCompteTest" classname="Tests.Feature.PersonneAgee.SupprimerCompteTest" assertions="2" time="0.025746"/>
        <testcase name="un enseignant ne peut pas supprimer son propre compte" file="tests\Feature\PersonneAgee\SupprimerCompteTest.php::un enseignant ne peut pas supprimer son propre compte" class="Tests\Feature\PersonneAgee\SupprimerCompteTest" classname="Tests.Feature.PersonneAgee.SupprimerCompteTest" assertions="2" time="0.034025"/>
        <testcase name="un invité ne peut pas accéder à la suppression de compte" file="tests\Feature\PersonneAgee\SupprimerCompteTest.php::un invité ne peut pas accéder à la suppression de compte" class="Tests\Feature\PersonneAgee\SupprimerCompteTest" classname="Tests.Feature.PersonneAgee.SupprimerCompteTest" assertions="2" time="0.018886"/>
        <testcase name="un témoin associé à un groupe ne peut pas supprimer son compte" file="tests\Feature\PersonneAgee\SupprimerCompteTest.php::un témoin associé à un groupe ne peut pas supprimer son compte" class="Tests\Feature\PersonneAgee\SupprimerCompteTest" classname="Tests.Feature.PersonneAgee.SupprimerCompteTest" assertions="2" time="0.025829"/>
        <testcase name="un témoin sans groupe peut supprimer son compte" file="tests\Feature\PersonneAgee\SupprimerCompteTest.php::un témoin sans groupe peut supprimer son compte" class="Tests\Feature\PersonneAgee\SupprimerCompteTest" classname="Tests.Feature.PersonneAgee.SupprimerCompteTest" assertions="3" time="0.027471"/>
      </testsuite>
      <testsuite name="Tests\Feature\ProjetCommentaireNoteTest" file="tests\Feature\ProjetCommentaireNoteTest.php" tests="18" assertions="32" errors="0" failures="0" skipped="0" time="0.601396">
        <testcase name="l'enseignant peut créer un commentaire sur un champ du projet" file="tests\Feature\ProjetCommentaireNoteTest.php::l'enseignant peut créer un commentaire sur un champ du projet" class="Tests\Feature\ProjetCommentaireNoteTest" classname="Tests.Feature.ProjetCommentaireNoteTest" assertions="5" time="0.035771"/>
        <testcase name="un étudiant ne peut pas créer un commentaire" file="tests\Feature\ProjetCommentaireNoteTest.php::un étudiant ne peut pas créer un commentaire" class="Tests\Feature\ProjetCommentaireNoteTest" classname="Tests.Feature.ProjetCommentaireNoteTest" assertions="1" time="0.028304"/>
        <testcase name="un deuxième PUT sur le même champ met à jour le commentaire sans créer de doublon" file="tests\Feature\ProjetCommentaireNoteTest.php::un deuxième PUT sur le même champ met à jour le commentaire sans créer de doublon" class="Tests\Feature\ProjetCommentaireNoteTest" classname="Tests.Feature.ProjetCommentaireNoteTest" assertions="3" time="0.033407"/>
        <testcase name="l'enseignant peut supprimer un commentaire" file="tests\Feature\ProjetCommentaireNoteTest.php::l'enseignant peut supprimer un commentaire" class="Tests\Feature\ProjetCommentaireNoteTest" classname="Tests.Feature.ProjetCommentaireNoteTest" assertions="3" time="0.028420"/>
        <testcase name="un champ non autorisé retourne une erreur de validation" file="tests\Feature\ProjetCommentaireNoteTest.php::un champ non autorisé retourne une erreur de validation" class="Tests\Feature\ProjetCommentaireNoteTest" classname="Tests.Feature.ProjetCommentaireNoteTest" assertions="1" time="0.032049"/>
        <testcase name="le contenu du commentaire est obligatoire" file="tests\Feature\ProjetCommentaireNoteTest.php::le contenu du commentaire est obligatoire" class="Tests\Feature\ProjetCommentaireNoteTest" classname="Tests.Feature.ProjetCommentaireNoteTest" assertions="1" time="0.036409"/>
        <testcase name="l'enseignant peut sauvegarder une note par étudiant" file="tests\Feature\ProjetCommentaireNoteTest.php::l'enseignant peut sauvegarder une note par étudiant" class="Tests\Feature\ProjetCommentaireNoteTest" classname="Tests.Feature.ProjetCommentaireNoteTest" assertions="4" time="0.041800"/>
        <testcase name="un étudiant ne peut pas sauvegarder une note" file="tests\Feature\ProjetCommentaireNoteTest.php::un étudiant ne peut pas sauvegarder une note" class="Tests\Feature\ProjetCommentaireNoteTest" classname="Tests.Feature.ProjetCommentaireNoteTest" assertions="1" time="0.025538"/>
        <testcase name="user_id est obligatoire pour sauvegarder une note" file="tests\Feature\ProjetCommentaireNoteTest.php::user_id est obligatoire pour sauvegarder une note" class="Tests\Feature\ProjetCommentaireNoteTest" classname="Tests.Feature.ProjetCommentaireNoteTest" assertions="1" time="0.028506"/>
        <testsuite name="it accepte uniquement les notes 0, 2, 3 et 4" tests="4" assertions="4" errors="0" failures="0" skipped="0" time="0.109821">
          <testcase name="it accepte uniquement les notes 0, 2, 3 et 4 with data set &quot;(1)&quot;" file="tests\Feature\ProjetCommentaireNoteTest.php::it accepte uniquement les notes 0, 2, 3 et 4 with data set &quot;(1)&quot;" class="Tests\Feature\ProjetCommentaireNoteTest" classname="Tests.Feature.ProjetCommentaireNoteTest" assertions="1" time="0.028370"/>
          <testcase name="it accepte uniquement les notes 0, 2, 3 et 4 with data set &quot;(5)&quot;" file="tests\Feature\ProjetCommentaireNoteTest.php::it accepte uniquement les notes 0, 2, 3 et 4 with data set &quot;(5)&quot;" class="Tests\Feature\ProjetCommentaireNoteTest" classname="Tests.Feature.ProjetCommentaireNoteTest" assertions="1" time="0.024695"/>
          <testcase name="it accepte uniquement les notes 0, 2, 3 et 4 with data set &quot;(-1)&quot;" file="tests\Feature\ProjetCommentaireNoteTest.php::it accepte uniquement les notes 0, 2, 3 et 4 with data set &quot;(-1)&quot;" class="Tests\Feature\ProjetCommentaireNoteTest" classname="Tests.Feature.ProjetCommentaireNoteTest" assertions="1" time="0.029193"/>
          <testcase name="it accepte uniquement les notes 0, 2, 3 et 4 with data set &quot;(99)&quot;" file="tests\Feature\ProjetCommentaireNoteTest.php::it accepte uniquement les notes 0, 2, 3 et 4 with data set &quot;(99)&quot;" class="Tests\Feature\ProjetCommentaireNoteTest" classname="Tests.Feature.ProjetCommentaireNoteTest" assertions="1" time="0.027564"/>
        </testsuite>
        <testcase name="un critère inexistant retourne une erreur de validation" file="tests\Feature\ProjetCommentaireNoteTest.php::un critère inexistant retourne une erreur de validation" class="Tests\Feature\ProjetCommentaireNoteTest" classname="Tests.Feature.ProjetCommentaireNoteTest" assertions="1" time="0.028148"/>
        <testcase name="l'enseignant ne peut pas noter un étudiant hors du groupe" file="tests\Feature\ProjetCommentaireNoteTest.php::l'enseignant ne peut pas noter un étudiant hors du groupe" class="Tests\Feature\ProjetCommentaireNoteTest" classname="Tests.Feature.ProjetCommentaireNoteTest" assertions="1" time="0.034256"/>
        <testcase name="un deuxième PUT sur le même critère et étudiant met à jour la note sans créer de doublon" file="tests\Feature\ProjetCommentaireNoteTest.php::un deuxième PUT sur le même critère et étudiant met à jour la note sans créer de doublon" class="Tests\Feature\ProjetCommentaireNoteTest" classname="Tests.Feature.ProjetCommentaireNoteTest" assertions="3" time="0.031849"/>
        <testcase name="la note finale par étudiant est correctement calculée sur 100" file="tests\Feature\ProjetCommentaireNoteTest.php::la note finale par étudiant est correctement calculée sur 100" class="Tests\Feature\ProjetCommentaireNoteTest" classname="Tests.Feature.ProjetCommentaireNoteTest" assertions="2" time="0.086782"/>
        <testcase name="la note finale est nulle si aucune note n'a été saisie pour cet étudiant" file="tests\Feature\ProjetCommentaireNoteTest.php::la note finale est nulle si aucune note n'a été saisie pour cet étudiant" class="Tests\Feature\ProjetCommentaireNoteTest" classname="Tests.Feature.ProjetCommentaireNoteTest" assertions="1" time="0.020335"/>
      </testsuite>
      <testsuite name="Tests\Feature\ProjetRechercheGrilleTest" file="tests\Feature\ProjetRechercheGrilleTest.php" tests="18" assertions="27" errors="0" failures="0" skipped="0" time="0.588560">
        <testcase name="l'enseignant peut sauvegarder une note pour un critère de la grille" file="tests\Feature\ProjetRechercheGrilleTest.php::l'enseignant peut sauvegarder une note pour un critère de la grille" class="Tests\Feature\ProjetRechercheGrilleTest" classname="Tests.Feature.ProjetRechercheGrilleTest" assertions="4" time="0.042842"/>
        <testcase name="un double PUT sur le même critère/étudiant met à jour sans créer de doublon" file="tests\Feature\ProjetRechercheGrilleTest.php::un double PUT sur le même critère/étudiant met à jour sans créer de doublon" class="Tests\Feature\ProjetRechercheGrilleTest" classname="Tests.Feature.ProjetRechercheGrilleTest" assertions="3" time="0.038544"/>
        <testcase name="un critère hors de la grille du type de projet est refusé (protection IDOR)" file="tests\Feature\ProjetRechercheGrilleTest.php::un critère hors de la grille du type de projet est refusé (protection IDOR)" class="Tests\Feature\ProjetRechercheGrilleTest" classname="Tests.Feature.ProjetRechercheGrilleTest" assertions="1" time="0.029166"/>
        <testcase name="noter un étudiant hors du groupe est refusé (protection IDOR)" file="tests\Feature\ProjetRechercheGrilleTest.php::noter un étudiant hors du groupe est refusé (protection IDOR)" class="Tests\Feature\ProjetRechercheGrilleTest" classname="Tests.Feature.ProjetRechercheGrilleTest" assertions="1" time="0.035600"/>
        <testcase name="un étudiant ne peut pas sauvegarder une note grille" file="tests\Feature\ProjetRechercheGrilleTest.php::un étudiant ne peut pas sauvegarder une note grille" class="Tests\Feature\ProjetRechercheGrilleTest" classname="Tests.Feature.ProjetRechercheGrilleTest" assertions="1" time="0.034410"/>
        <testsuite name="it accepte uniquement les notes 0, 2, 3 et 4 pour une note grille" tests="4" assertions="4" errors="0" failures="0" skipped="0" time="0.124255">
          <testcase name="it accepte uniquement les notes 0, 2, 3 et 4 pour une note grille with data set &quot;(1)&quot;" file="tests\Feature\ProjetRechercheGrilleTest.php::it accepte uniquement les notes 0, 2, 3 et 4 pour une note grille with data set &quot;(1)&quot;" class="Tests\Feature\ProjetRechercheGrilleTest" classname="Tests.Feature.ProjetRechercheGrilleTest" assertions="1" time="0.030726"/>
          <testcase name="it accepte uniquement les notes 0, 2, 3 et 4 pour une note grille with data set &quot;(5)&quot;" file="tests\Feature\ProjetRechercheGrilleTest.php::it accepte uniquement les notes 0, 2, 3 et 4 pour une note grille with data set &quot;(5)&quot;" class="Tests\Feature\ProjetRechercheGrilleTest" classname="Tests.Feature.ProjetRechercheGrilleTest" assertions="1" time="0.030882"/>
          <testcase name="it accepte uniquement les notes 0, 2, 3 et 4 pour une note grille with data set &quot;(-1)&quot;" file="tests\Feature\ProjetRechercheGrilleTest.php::it accepte uniquement les notes 0, 2, 3 et 4 pour une note grille with data set &quot;(-1)&quot;" class="Tests\Feature\ProjetRechercheGrilleTest" classname="Tests.Feature.ProjetRechercheGrilleTest" assertions="1" time="0.030252"/>
          <testcase name="it accepte uniquement les notes 0, 2, 3 et 4 pour une note grille with data set &quot;(99)&quot;" file="tests\Feature\ProjetRechercheGrilleTest.php::it accepte uniquement les notes 0, 2, 3 et 4 pour une note grille with data set &quot;(99)&quot;" class="Tests\Feature\ProjetRechercheGrilleTest" classname="Tests.Feature.ProjetRechercheGrilleTest" assertions="1" time="0.032394"/>
        </testsuite>
        <testcase name="l'enseignant peut appliquer un malus à un étudiant" file="tests\Feature\ProjetRechercheGrilleTest.php::l'enseignant peut appliquer un malus à un étudiant" class="Tests\Feature\ProjetRechercheGrilleTest" classname="Tests.Feature.ProjetRechercheGrilleTest" assertions="4" time="0.036240"/>
        <testcase name="l'enseignant peut retirer un malus appliqué" file="tests\Feature\ProjetRechercheGrilleTest.php::l'enseignant peut retirer un malus appliqué" class="Tests\Feature\ProjetRechercheGrilleTest" classname="Tests.Feature.ProjetRechercheGrilleTest" assertions="2" time="0.040794"/>
        <testcase name="un malus hors de la grille du type de projet est refusé (protection IDOR)" file="tests\Feature\ProjetRechercheGrilleTest.php::un malus hors de la grille du type de projet est refusé (protection IDOR)" class="Tests\Feature\ProjetRechercheGrilleTest" classname="Tests.Feature.ProjetRechercheGrilleTest" assertions="1" time="0.031305"/>
        <testcase name="noteFinale retourne null si aucune note n'a été saisie" file="tests\Feature\ProjetRechercheGrilleTest.php::noteFinale retourne null si aucune note n'a été saisie" class="Tests\Feature\ProjetRechercheGrilleTest" classname="Tests.Feature.ProjetRechercheGrilleTest" assertions="1" time="0.024478"/>
        <testcase name="noteFinale calcule correctement la contribution pondérée" file="tests\Feature\ProjetRechercheGrilleTest.php::noteFinale calcule correctement la contribution pondérée" class="Tests\Feature\ProjetRechercheGrilleTest" classname="Tests.Feature.ProjetRechercheGrilleTest" assertions="1" time="0.029247"/>
        <testcase name="noteFinale = 100 quand toutes les notes sont à Excellent et pondérations = 100" file="tests\Feature\ProjetRechercheGrilleTest.php::noteFinale = 100 quand toutes les notes sont à Excellent et pondérations = 100" class="Tests\Feature\ProjetRechercheGrilleTest" classname="Tests.Feature.ProjetRechercheGrilleTest" assertions="1" time="0.034241"/>
        <testcase name="noteFinale déduit correctement les malus appliqués" file="tests\Feature\ProjetRechercheGrilleTest.php::noteFinale déduit correctement les malus appliqués" class="Tests\Feature\ProjetRechercheGrilleTest" classname="Tests.Feature.ProjetRechercheGrilleTest" assertions="1" time="0.028581"/>
        <testcase name="noteFinale est planché à 0 (ne peut pas être négative)" file="tests\Feature\ProjetRechercheGrilleTest.php::noteFinale est planché à 0 (ne peut pas être négative)" class="Tests\Feature\ProjetRechercheGrilleTest" classname="Tests.Feature.ProjetRechercheGrilleTest" assertions="1" time="0.029508"/>
        <testcase name="un malus non appliqué (applique = false) ne décompte pas" file="tests\Feature\ProjetRechercheGrilleTest.php::un malus non appliqué (applique = false) ne décompte pas" class="Tests\Feature\ProjetRechercheGrilleTest" classname="Tests.Feature.ProjetRechercheGrilleTest" assertions="1" time="0.029350"/>
      </testsuite>
      <testsuite name="Tests\Feature\ProjetRechercheTest" file="tests\Feature\ProjetRechercheTest.php" tests="42" assertions="148" errors="0" failures="0" skipped="0" time="1.636775">
        <testcase name="un membre du groupe peut accéder à l'index des projets" file="tests\Feature\ProjetRechercheTest.php::un membre du groupe peut accéder à l'index des projets" class="Tests\Feature\ProjetRechercheTest" classname="Tests.Feature.ProjetRechercheTest" assertions="1" time="0.046754"/>
        <testcase name="l'enseignant de la classe peut accéder à l'index des projets" file="tests\Feature\ProjetRechercheTest.php::l'enseignant de la classe peut accéder à l'index des projets" class="Tests\Feature\ProjetRechercheTest" classname="Tests.Feature.ProjetRechercheTest" assertions="1" time="0.032160"/>
        <testcase name="un invité non authentifié est redirigé vers login" file="tests\Feature\ProjetRechercheTest.php::un invité non authentifié est redirigé vers login" class="Tests\Feature\ProjetRechercheTest" classname="Tests.Feature.ProjetRechercheTest" assertions="2" time="0.025667"/>
        <testcase name="un étudiant extérieur au groupe ne peut pas accéder à l'index" file="tests\Feature\ProjetRechercheTest.php::un étudiant extérieur au groupe ne peut pas accéder à l'index" class="Tests\Feature\ProjetRechercheTest" classname="Tests.Feature.ProjetRechercheTest" assertions="1" time="0.030839"/>
        <testcase name="un membre peut accéder à la page du projet partagé" file="tests\Feature\ProjetRechercheTest.php::un membre peut accéder à la page du projet partagé" class="Tests\Feature\ProjetRechercheTest" classname="Tests.Feature.ProjetRechercheTest" assertions="1" time="0.047862"/>
        <testcase name="l'enseignant peut consulter le projet partagé en lecture seule" file="tests\Feature\ProjetRechercheTest.php::l'enseignant peut consulter le projet partagé en lecture seule" class="Tests\Feature\ProjetRechercheTest" classname="Tests.Feature.ProjetRechercheTest" assertions="1" time="0.057470"/>
        <testcase name="un membre peut enregistrer le contenu partagé du projet" file="tests\Feature\ProjetRechercheTest.php::un membre peut enregistrer le contenu partagé du projet" class="Tests\Feature\ProjetRechercheTest" classname="Tests.Feature.ProjetRechercheTest" assertions="4" time="0.033913"/>
        <testcase name="un deuxième PUT met à jour sans créer de doublon" file="tests\Feature\ProjetRechercheTest.php::un deuxième PUT met à jour sans créer de doublon" class="Tests\Feature\ProjetRechercheTest" classname="Tests.Feature.ProjetRechercheTest" assertions="2" time="0.038924"/>
        <testcase name="l'enseignant ne peut pas modifier le contenu partagé" file="tests\Feature\ProjetRechercheTest.php::l'enseignant ne peut pas modifier le contenu partagé" class="Tests\Feature\ProjetRechercheTest" classname="Tests.Feature.ProjetRechercheTest" assertions="1" time="0.029438"/>
        <testcase name="un membre peut enregistrer sa conclusion individuelle" file="tests\Feature\ProjetRechercheTest.php::un membre peut enregistrer sa conclusion individuelle" class="Tests\Feature\ProjetRechercheTest" classname="Tests.Feature.ProjetRechercheTest" assertions="3" time="0.034238"/>
        <testcase name="un membre peut modifier la conclusion d'un compagnon de groupe" file="tests\Feature\ProjetRechercheTest.php::un membre peut modifier la conclusion d'un compagnon de groupe" class="Tests\Feature\ProjetRechercheTest" classname="Tests.Feature.ProjetRechercheTest" assertions="2" time="0.030663"/>
        <testcase name="chaque membre a sa propre conclusion distincte" file="tests\Feature\ProjetRechercheTest.php::chaque membre a sa propre conclusion distincte" class="Tests\Feature\ProjetRechercheTest" classname="Tests.Feature.ProjetRechercheTest" assertions="1" time="0.032925"/>
        <testcase name="un étudiant extérieur ne peut pas enregistrer une conclusion" file="tests\Feature\ProjetRechercheTest.php::un étudiant extérieur ne peut pas enregistrer une conclusion" class="Tests\Feature\ProjetRechercheTest" classname="Tests.Feature.ProjetRechercheTest" assertions="1" time="0.025569"/>
        <testcase name="un membre ne peut pas cibler un user_id hors de son groupe (422)" file="tests\Feature\ProjetRechercheTest.php::un membre ne peut pas cibler un user_id hors de son groupe (422)" class="Tests\Feature\ProjetRechercheTest" classname="Tests.Feature.ProjetRechercheTest" assertions="1" time="0.034254"/>
        <testcase name="un membre peut exporter le projet de groupe en PDF" file="tests\Feature\ProjetRechercheTest.php::un membre peut exporter le projet de groupe en PDF" class="Tests\Feature\ProjetRechercheTest" classname="Tests.Feature.ProjetRechercheTest" assertions="3" time="0.152454"/>
        <testcase name="un membre peut exporter le projet de groupe en Word" file="tests\Feature\ProjetRechercheTest.php::un membre peut exporter le projet de groupe en Word" class="Tests\Feature\ProjetRechercheTest" classname="Tests.Feature.ProjetRechercheTest" assertions="3" time="0.091434"/>
        <testcase name="l'enseignant peut verrouiller un document" file="tests\Feature\ProjetRechercheTest.php::l'enseignant peut verrouiller un document" class="Tests\Feature\ProjetRechercheTest" classname="Tests.Feature.ProjetRechercheTest" assertions="3" time="0.034590"/>
        <testcase name="le toggle déverrouille un document déjà verrouillé" file="tests\Feature\ProjetRechercheTest.php::le toggle déverrouille un document déjà verrouillé" class="Tests\Feature\ProjetRechercheTest" classname="Tests.Feature.ProjetRechercheTest" assertions="2" time="0.025835"/>
        <testcase name="un étudiant ne peut pas verrouiller un document" file="tests\Feature\ProjetRechercheTest.php::un étudiant ne peut pas verrouiller un document" class="Tests\Feature\ProjetRechercheTest" classname="Tests.Feature.ProjetRechercheTest" assertions="1" time="0.027662"/>
        <testcase name="un étudiant ne peut pas modifier un projet verrouillé" file="tests\Feature\ProjetRechercheTest.php::un étudiant ne peut pas modifier un projet verrouillé" class="Tests\Feature\ProjetRechercheTest" classname="Tests.Feature.ProjetRechercheTest" assertions="1" time="0.030012"/>
        <testcase name="peutEditer est false quand le document est verrouillé" file="tests\Feature\ProjetRechercheTest.php::peutEditer est false quand le document est verrouillé" class="Tests\Feature\ProjetRechercheTest" classname="Tests.Feature.ProjetRechercheTest" assertions="11" time="0.042503"/>
        <testcase name="l'enseignant peut activer la visibilité des corrections" file="tests\Feature\ProjetRechercheTest.php::l'enseignant peut activer la visibilité des corrections" class="Tests\Feature\ProjetRechercheTest" classname="Tests.Feature.ProjetRechercheTest" assertions="2" time="0.030403"/>
        <testcase name="un étudiant ne peut pas modifier la visibilité des corrections" file="tests\Feature\ProjetRechercheTest.php::un étudiant ne peut pas modifier la visibilité des corrections" class="Tests\Feature\ProjetRechercheTest" classname="Tests.Feature.ProjetRechercheTest" assertions="1" time="0.029093"/>
        <testcase name="un étudiant ne voit pas les annotations de type correction si correction_visible est false" file="tests\Feature\ProjetRechercheTest.php::un étudiant ne voit pas les annotations de type correction si correction_visible est false" class="Tests\Feature\ProjetRechercheTest" classname="Tests.Feature.ProjetRechercheTest" assertions="11" time="0.046449"/>
        <testcase name="un étudiant voit les corrections si correction_visible est true" file="tests\Feature\ProjetRechercheTest.php::un étudiant voit les corrections si correction_visible est true" class="Tests\Feature\ProjetRechercheTest" classname="Tests.Feature.ProjetRechercheTest" assertions="11" time="0.044881"/>
        <testcase name="l'enseignant voit toujours toutes les annotations, peu importe correction_visible" file="tests\Feature\ProjetRechercheTest.php::l'enseignant voit toujours toutes les annotations, peu importe correction_visible" class="Tests\Feature\ProjetRechercheTest" classname="Tests.Feature.ProjetRechercheTest" assertions="9" time="0.051957"/>
        <testcase name="un membre peut remettre son travail" file="tests\Feature\ProjetRechercheTest.php::un membre peut remettre son travail" class="Tests\Feature\ProjetRechercheTest" classname="Tests.Feature.ProjetRechercheTest" assertions="5" time="0.033214"/>
        <testcase name="un étudiant hors groupe ne peut pas remettre le travail" file="tests\Feature\ProjetRechercheTest.php::un étudiant hors groupe ne peut pas remettre le travail" class="Tests\Feature\ProjetRechercheTest" classname="Tests.Feature.ProjetRechercheTest" assertions="1" time="0.029464"/>
        <testcase name="la remise est refusée si le document est verrouillé" file="tests\Feature\ProjetRechercheTest.php::la remise est refusée si le document est verrouillé" class="Tests\Feature\ProjetRechercheTest" classname="Tests.Feature.ProjetRechercheTest" assertions="1" time="0.032462"/>
        <testcase name="une deuxième remise est refusée sans remises multiples (paramètre TypeProjet)" file="tests\Feature\ProjetRechercheTest.php::une deuxième remise est refusée sans remises multiples (paramètre TypeProjet)" class="Tests\Feature\ProjetRechercheTest" classname="Tests.Feature.ProjetRechercheTest" assertions="1" time="0.029073"/>
        <testcase name="une deuxième remise est autorisée avec remises multiples (paramètre TypeProjet)" file="tests\Feature\ProjetRechercheTest.php::une deuxième remise est autorisée avec remises multiples (paramètre TypeProjet)" class="Tests\Feature\ProjetRechercheTest" classname="Tests.Feature.ProjetRechercheTest" assertions="2" time="0.027594"/>
        <testcase name="la route parametres-remise est supprimée et retourne 404" file="tests\Feature\ProjetRechercheTest.php::la route parametres-remise est supprimée et retourne 404" class="Tests\Feature\ProjetRechercheTest" classname="Tests.Feature.ProjetRechercheTest" assertions="1" time="0.025707"/>
        <testcase name="un étudiant ne voit pas sa note si correction_visible est false" file="tests\Feature\ProjetRechercheTest.php::un étudiant ne voit pas sa note si correction_visible est false" class="Tests\Feature\ProjetRechercheTest" classname="Tests.Feature.ProjetRechercheTest" assertions="11" time="0.038193"/>
        <testcase name="un étudiant voit sa note quand correction_visible est true" file="tests\Feature\ProjetRechercheTest.php::un étudiant voit sa note quand correction_visible est true" class="Tests\Feature\ProjetRechercheTest" classname="Tests.Feature.ProjetRechercheTest" assertions="11" time="0.048258"/>
        <testcase name="l'enseignant voit toujours les notes même si correction_visible est false" file="tests\Feature\ProjetRechercheTest.php::l'enseignant voit toujours les notes même si correction_visible est false" class="Tests\Feature\ProjetRechercheTest" classname="Tests.Feature.ProjetRechercheTest" assertions="9" time="0.037325"/>
        <testcase name="publier les corrections active correction_visible et le toggle le désactive" file="tests\Feature\ProjetRechercheTest.php::publier les corrections active correction_visible et le toggle le désactive" class="Tests\Feature\ProjetRechercheTest" classname="Tests.Feature.ProjetRechercheTest" assertions="2" time="0.028002"/>
        <testcase name="upsertAnnotation persiste la position séquentielle et le mot annoté" file="tests\Feature\ProjetRechercheTest.php::upsertAnnotation persiste la position séquentielle et le mot annoté" class="Tests\Feature\ProjetRechercheTest" classname="Tests.Feature.ProjetRechercheTest" assertions="3" time="0.032480"/>
        <testcase name="upsertAnnotation calcule la position correcte quand plusieurs marques existent" file="tests\Feature\ProjetRechercheTest.php::upsertAnnotation calcule la position correcte quand plusieurs marques existent" class="Tests\Feature\ProjetRechercheTest" classname="Tests.Feature.ProjetRechercheTest" assertions="2" time="0.029746"/>
        <testcase name="les annotations sont triées par position dans show()" file="tests\Feature\ProjetRechercheTest.php::les annotations sont triées par position dans show()" class="Tests\Feature\ProjetRechercheTest" classname="Tests.Feature.ProjetRechercheTest" assertions="11" time="0.042034"/>
        <testcase name="upsertAnnotation supprime les annotations orphelines du même champ" file="tests\Feature\ProjetRechercheTest.php::upsertAnnotation supprime les annotations orphelines du même champ" class="Tests\Feature\ProjetRechercheTest" classname="Tests.Feature.ProjetRechercheTest" assertions="3" time="0.033342"/>
        <testcase name="la sauvegarde du contenu d'une section supprime les annotations orphelines" file="tests\Feature\ProjetRechercheTest.php::la sauvegarde du contenu d'une section supprime les annotations orphelines" class="Tests\Feature\ProjetRechercheTest" classname="Tests.Feature.ProjetRechercheTest" assertions="2" time="0.030924"/>
        <testcase name="destroyAnnotation ne supprime pas les autres annotations du même champ" file="tests\Feature\ProjetRechercheTest.php::destroyAnnotation ne supprime pas les autres annotations du même champ" class="Tests\Feature\ProjetRechercheTest" classname="Tests.Feature.ProjetRechercheTest" assertions="3" time="0.031012"/>
      </testsuite>
      <testsuite name="Tests\Feature\ProjetRenvoiTest" file="tests\Feature\ProjetRenvoiTest.php" tests="9" assertions="26" errors="0" failures="0" skipped="0" time="0.344445">
        <testcase name="it peut créer un renvoi avec numéro auto-incrémenté" file="tests\Feature\ProjetRenvoiTest.php::it peut créer un renvoi avec numéro auto-incrémenté" class="Tests\Feature\ProjetRenvoiTest" classname="Tests.Feature.ProjetRenvoiTest" assertions="3" time="0.068481"/>
        <testcase name="it incrémente correctement le numéro si des renvois existent déjà" file="tests\Feature\ProjetRenvoiTest.php::it incrémente correctement le numéro si des renvois existent déjà" class="Tests\Feature\ProjetRenvoiTest" classname="Tests.Feature.ProjetRenvoiTest" assertions="2" time="0.030361"/>
        <testcase name="it refuse un numéro dupliqué dans le même projet (contrainte DB)" file="tests\Feature\ProjetRenvoiTest.php::it refuse un numéro dupliqué dans le même projet (contrainte DB)" class="Tests\Feature\ProjetRenvoiTest" classname="Tests.Feature.ProjetRenvoiTest" assertions="1" time="0.026692"/>
        <testcase name="it peut modifier le contenu d'un renvoi" file="tests\Feature\ProjetRenvoiTest.php::it peut modifier le contenu d'un renvoi" class="Tests\Feature\ProjetRenvoiTest" classname="Tests.Feature.ProjetRenvoiTest" assertions="3" time="0.031412"/>
        <testcase name="it peut supprimer un renvoi" file="tests\Feature\ProjetRenvoiTest.php::it peut supprimer un renvoi" class="Tests\Feature\ProjetRenvoiTest" classname="Tests.Feature.ProjetRenvoiTest" assertions="3" time="0.031311"/>
        <testcase name="it un non-membre du groupe est bloqué lors de la création" file="tests\Feature\ProjetRenvoiTest.php::it un non-membre du groupe est bloqué lors de la création" class="Tests\Feature\ProjetRenvoiTest" classname="Tests.Feature.ProjetRenvoiTest" assertions="1" time="0.029756"/>
        <testcase name="it un non-membre est bloqué lors de la mise à jour" file="tests\Feature\ProjetRenvoiTest.php::it un non-membre est bloqué lors de la mise à jour" class="Tests\Feature\ProjetRenvoiTest" classname="Tests.Feature.ProjetRenvoiTest" assertions="1" time="0.041687"/>
        <testcase name="it le numéro repart de 1 pour un nouveau projet" file="tests\Feature\ProjetRenvoiTest.php::it le numéro repart de 1 pour un nouveau projet" class="Tests\Feature\ProjetRenvoiTest" classname="Tests.Feature.ProjetRenvoiTest" assertions="2" time="0.033344"/>
        <testcase name="it un projet sans renvoi retourne un tableau vide dans show()" file="tests\Feature\ProjetRenvoiTest.php::it un projet sans renvoi retourne un tableau vide dans show()" class="Tests\Feature\ProjetRenvoiTest" classname="Tests.Feature.ProjetRenvoiTest" assertions="10" time="0.051403"/>
      </testsuite>
      <testsuite name="Tests\Feature\ProjetSectionContenuTest" file="tests\Feature\ProjetSectionContenuTest.php" tests="7" assertions="31" errors="0" failures="0" skipped="0" time="0.255787">
        <testcase name="un étudiant membre peut sauvegarder le contenu d'une section" file="tests\Feature\ProjetSectionContenuTest.php::un étudiant membre peut sauvegarder le contenu d'une section" class="Tests\Feature\ProjetSectionContenuTest" classname="Tests.Feature.ProjetSectionContenuTest" assertions="3" time="0.037694"/>
        <testcase name="un deuxième PUT sur la même section fait un upsert (pas de doublon)" file="tests\Feature\ProjetSectionContenuTest.php::un deuxième PUT sur la même section fait un upsert (pas de doublon)" class="Tests\Feature\ProjetSectionContenuTest" classname="Tests.Feature.ProjetSectionContenuTest" assertions="3" time="0.038075"/>
        <testcase name="un non-membre ne peut pas sauvegarder le contenu d'une section (403)" file="tests\Feature\ProjetSectionContenuTest.php::un non-membre ne peut pas sauvegarder le contenu d'une section (403)" class="Tests\Feature\ProjetSectionContenuTest" classname="Tests.Feature.ProjetSectionContenuTest" assertions="1" time="0.028635"/>
        <testcase name="impossible de modifier la section d'un autre type de projet (IDOR)" file="tests\Feature\ProjetSectionContenuTest.php::impossible de modifier la section d'un autre type de projet (IDOR)" class="Tests\Feature\ProjetSectionContenuTest" classname="Tests.Feature.ProjetSectionContenuTest" assertions="1" time="0.029337"/>
        <testcase name="un étudiant ne peut pas modifier une section si le projet est verrouillé" file="tests\Feature\ProjetSectionContenuTest.php::un étudiant ne peut pas modifier une section si le projet est verrouillé" class="Tests\Feature\ProjetSectionContenuTest" classname="Tests.Feature.ProjetSectionContenuTest" assertions="1" time="0.032160"/>
        <testcase name="le show du projet contient les sections avec leur contenu" file="tests\Feature\ProjetSectionContenuTest.php::le show du projet contient les sections avec leur contenu" class="Tests\Feature\ProjetSectionContenuTest" classname="Tests.Feature.ProjetSectionContenuTest" assertions="13" time="0.048141"/>
        <testcase name="le show retourne un tableau sections vide si le type de projet n'a aucune section" file="tests\Feature\ProjetSectionContenuTest.php::le show retourne un tableau sections vide si le type de projet n'a aucune section" class="Tests\Feature\ProjetSectionContenuTest" classname="Tests.Feature.ProjetSectionContenuTest" assertions="9" time="0.041744"/>
      </testsuite>
      <testsuite name="Tests\Feature\ProjetSectionParagrapheTest" file="tests\Feature\ProjetSectionParagrapheTest.php" tests="18" assertions="69" errors="0" failures="0" skipped="0" time="0.564447">
        <testcase name="un membre peut créer un paragraphe dans une section de type paragraphes" file="tests\Feature\ProjetSectionParagrapheTest.php::un membre peut créer un paragraphe dans une section de type paragraphes" class="Tests\Feature\ProjetSectionParagrapheTest" classname="Tests.Feature.ProjetSectionParagrapheTest" assertions="4" time="0.038483"/>
        <testcase name="le premier paragraphe a l'ordre 1" file="tests\Feature\ProjetSectionParagrapheTest.php::le premier paragraphe a l'ordre 1" class="Tests\Feature\ProjetSectionParagrapheTest" classname="Tests.Feature.ProjetSectionParagrapheTest" assertions="2" time="0.028579"/>
        <testcase name="un deuxième paragraphe a l'ordre 2" file="tests\Feature\ProjetSectionParagrapheTest.php::un deuxième paragraphe a l'ordre 2" class="Tests\Feature\ProjetSectionParagrapheTest" classname="Tests.Feature.ProjetSectionParagrapheTest" assertions="2" time="0.028467"/>
        <testcase name="un non-membre ne peut pas créer un paragraphe (403)" file="tests\Feature\ProjetSectionParagrapheTest.php::un non-membre ne peut pas créer un paragraphe (403)" class="Tests\Feature\ProjetSectionParagrapheTest" classname="Tests.Feature.ProjetSectionParagrapheTest" assertions="1" time="0.025133"/>
        <testcase name="une section d'un autre TypeProjet retourne 404" file="tests\Feature\ProjetSectionParagrapheTest.php::une section d'un autre TypeProjet retourne 404" class="Tests\Feature\ProjetSectionParagrapheTest" classname="Tests.Feature.ProjetSectionParagrapheTest" assertions="1" time="0.026056"/>
        <testcase name="projet verrouillé interdit la création d'un paragraphe (403)" file="tests\Feature\ProjetSectionParagrapheTest.php::projet verrouillé interdit la création d'un paragraphe (403)" class="Tests\Feature\ProjetSectionParagrapheTest" classname="Tests.Feature.ProjetSectionParagrapheTest" assertions="1" time="0.024298"/>
        <testcase name="un membre peut modifier le titre et le contenu d'un paragraphe" file="tests\Feature\ProjetSectionParagrapheTest.php::un membre peut modifier le titre et le contenu d'un paragraphe" class="Tests\Feature\ProjetSectionParagrapheTest" classname="Tests.Feature.ProjetSectionParagrapheTest" assertions="3" time="0.025642"/>
        <testcase name="un paragraphe appartenant à un autre projet retourne 404" file="tests\Feature\ProjetSectionParagrapheTest.php::un paragraphe appartenant à un autre projet retourne 404" class="Tests\Feature\ProjetSectionParagrapheTest" classname="Tests.Feature.ProjetSectionParagrapheTest" assertions="1" time="0.026454"/>
        <testcase name="projet verrouillé interdit la modification d'un paragraphe (403)" file="tests\Feature\ProjetSectionParagrapheTest.php::projet verrouillé interdit la modification d'un paragraphe (403)" class="Tests\Feature\ProjetSectionParagrapheTest" classname="Tests.Feature.ProjetSectionParagrapheTest" assertions="1" time="0.026450"/>
        <testcase name="un membre peut supprimer un paragraphe s'il en reste au moins 2" file="tests\Feature\ProjetSectionParagrapheTest.php::un membre peut supprimer un paragraphe s'il en reste au moins 2" class="Tests\Feature\ProjetSectionParagrapheTest" classname="Tests.Feature.ProjetSectionParagrapheTest" assertions="4" time="0.027616"/>
        <testcase name="impossible de supprimer le dernier paragraphe d'une section (422)" file="tests\Feature\ProjetSectionParagrapheTest.php::impossible de supprimer le dernier paragraphe d'une section (422)" class="Tests\Feature\ProjetSectionParagrapheTest" classname="Tests.Feature.ProjetSectionParagrapheTest" assertions="1" time="0.036137"/>
        <testcase name="la suppression réordonne les paragraphes restants" file="tests\Feature\ProjetSectionParagrapheTest.php::la suppression réordonne les paragraphes restants" class="Tests\Feature\ProjetSectionParagrapheTest" classname="Tests.Feature.ProjetSectionParagrapheTest" assertions="3" time="0.028474"/>
        <testcase name="l'ordre des paragraphes est mis à jour correctement" file="tests\Feature\ProjetSectionParagrapheTest.php::l'ordre des paragraphes est mis à jour correctement" class="Tests\Feature\ProjetSectionParagrapheTest" classname="Tests.Feature.ProjetSectionParagrapheTest" assertions="4" time="0.028207"/>
        <testcase name="un id inexistant dans reorder retourne 422" file="tests\Feature\ProjetSectionParagrapheTest.php::un id inexistant dans reorder retourne 422" class="Tests\Feature\ProjetSectionParagrapheTest" classname="Tests.Feature.ProjetSectionParagrapheTest" assertions="1" time="0.028925"/>
        <testcase name="le show retourne les sections de type paragraphes avec leurs paragraphes" file="tests\Feature\ProjetSectionParagrapheTest.php::le show retourne les sections de type paragraphes avec leurs paragraphes" class="Tests\Feature\ProjetSectionParagrapheTest" classname="Tests.Feature.ProjetSectionParagrapheTest" assertions="17" time="0.043654"/>
        <testcase name="un membre peut sauvegarder une conclusion liée à une section" file="tests\Feature\ProjetSectionParagrapheTest.php::un membre peut sauvegarder une conclusion liée à une section" class="Tests\Feature\ProjetSectionParagrapheTest" classname="Tests.Feature.ProjetSectionParagrapheTest" assertions="3" time="0.033456"/>
        <testcase name="deux conclusions pour le même user mais sections différentes sont distinctes" file="tests\Feature\ProjetSectionParagrapheTest.php::deux conclusions pour le même user mais sections différentes sont distinctes" class="Tests\Feature\ProjetSectionParagrapheTest" classname="Tests.Feature.ProjetSectionParagrapheTest" assertions="3" time="0.037324"/>
        <testcase name="le show retourne les conclusionsParMembre dans les sections de type individuel" file="tests\Feature\ProjetSectionParagrapheTest.php::le show retourne les conclusionsParMembre dans les sections de type individuel" class="Tests\Feature\ProjetSectionParagrapheTest" classname="Tests.Feature.ProjetSectionParagrapheTest" assertions="17" time="0.051092"/>
      </testsuite>
      <testsuite name="Tests\Feature\Settings\ProfileUpdateTest" file="tests\Feature\Settings\ProfileUpdateTest.php" tests="5" assertions="22" errors="0" failures="0" skipped="0" time="0.151509">
        <testcase name="profile page is displayed" file="tests\Feature\Settings\ProfileUpdateTest.php::profile page is displayed" class="Tests\Feature\Settings\ProfileUpdateTest" classname="Tests.Feature.Settings.ProfileUpdateTest" assertions="1" time="0.038656"/>
        <testcase name="profile information can be updated" file="tests\Feature\Settings\ProfileUpdateTest.php::profile information can be updated" class="Tests\Feature\Settings\ProfileUpdateTest" classname="Tests.Feature.Settings.ProfileUpdateTest" assertions="7" time="0.040119"/>
        <testcase name="email verification status is unchanged when the email address is unchanged" file="tests\Feature\Settings\ProfileUpdateTest.php::email verification status is unchanged when the email address is unchanged" class="Tests\Feature\Settings\ProfileUpdateTest" classname="Tests.Feature.Settings.ProfileUpdateTest" assertions="4" time="0.022506"/>
        <testcase name="user can delete their account" file="tests\Feature\Settings\ProfileUpdateTest.php::user can delete their account" class="Tests\Feature\Settings\ProfileUpdateTest" classname="Tests.Feature.Settings.ProfileUpdateTest" assertions="5" time="0.024499"/>
        <testcase name="correct password must be provided to delete account" file="tests\Feature\Settings\ProfileUpdateTest.php::correct password must be provided to delete account" class="Tests\Feature\Settings\ProfileUpdateTest" classname="Tests.Feature.Settings.ProfileUpdateTest" assertions="5" time="0.025729"/>
      </testsuite>
      <testsuite name="Tests\Feature\Settings\SecurityTest" file="tests\Feature\Settings\SecurityTest.php" tests="3" assertions="16" errors="0" failures="0" skipped="0" time="0.079465">
        <testcase name="security page is displayed" file="tests\Feature\Settings\SecurityTest.php::security page is displayed" class="Tests\Feature\Settings\SecurityTest" classname="Tests.Feature.Settings.SecurityTest" assertions="8" time="0.030354"/>
        <testcase name="password can be updated" file="tests\Feature\Settings\SecurityTest.php::password can be updated" class="Tests\Feature\Settings\SecurityTest" classname="Tests.Feature.Settings.SecurityTest" assertions="4" time="0.026117"/>
        <testcase name="correct password must be provided to update password" file="tests\Feature\Settings\SecurityTest.php::correct password must be provided to update password" class="Tests\Feature\Settings\SecurityTest" classname="Tests.Feature.Settings.SecurityTest" assertions="4" time="0.022994"/>
      </testsuite>
      <testsuite name="Tests\Feature\TypeProjetTest" file="tests\Feature\TypeProjetTest.php" tests="36" assertions="110" errors="0" failures="0" skipped="0" time="0.904520">
        <testcase name="l'enseignant voit la liste de ses types de projet" file="tests\Feature\TypeProjetTest.php::l'enseignant voit la liste de ses types de projet" class="Tests\Feature\TypeProjetTest" classname="Tests.Feature.TypeProjetTest" assertions="9" time="0.035114"/>
        <testcase name="l'enseignant ne voit pas les types de projet des autres enseignants" file="tests\Feature\TypeProjetTest.php::l'enseignant ne voit pas les types de projet des autres enseignants" class="Tests\Feature\TypeProjetTest" classname="Tests.Feature.TypeProjetTest" assertions="8" time="0.026521"/>
        <testcase name="un étudiant est redirigé depuis la liste des types de projet" file="tests\Feature\TypeProjetTest.php::un étudiant est redirigé depuis la liste des types de projet" class="Tests\Feature\TypeProjetTest" classname="Tests.Feature.TypeProjetTest" assertions="1" time="0.036519"/>
        <testcase name="l'enseignant accède à la page de création d'un type de projet" file="tests\Feature\TypeProjetTest.php::l'enseignant accède à la page de création d'un type de projet" class="Tests\Feature\TypeProjetTest" classname="Tests.Feature.TypeProjetTest" assertions="8" time="0.026976"/>
        <testcase name="un étudiant est redirigé depuis la page de création de type de projet" file="tests\Feature\TypeProjetTest.php::un étudiant est redirigé depuis la page de création de type de projet" class="Tests\Feature\TypeProjetTest" classname="Tests.Feature.TypeProjetTest" assertions="1" time="0.024291"/>
        <testcase name="la création redirige vers la page edit du nouveau type de projet" file="tests\Feature\TypeProjetTest.php::la création redirige vers la page edit du nouveau type de projet" class="Tests\Feature\TypeProjetTest" classname="Tests.Feature.TypeProjetTest" assertions="2" time="0.029995"/>
        <testcase name="l'enseignant peut créer un type de projet" file="tests\Feature\TypeProjetTest.php::l'enseignant peut créer un type de projet" class="Tests\Feature\TypeProjetTest" classname="Tests.Feature.TypeProjetTest" assertions="2" time="0.036461"/>
        <testcase name="le nom est obligatoire lors de la création" file="tests\Feature\TypeProjetTest.php::le nom est obligatoire lors de la création" class="Tests\Feature\TypeProjetTest" classname="Tests.Feature.TypeProjetTest" assertions="3" time="0.021458"/>
        <testcase name="l'enseignant peut créer un type de projet avec des paramètres de remise" file="tests\Feature\TypeProjetTest.php::l'enseignant peut créer un type de projet avec des paramètres de remise" class="Tests\Feature\TypeProjetTest" classname="Tests.Feature.TypeProjetTest" assertions="2" time="0.022394"/>
        <testcase name="les flags de génération sont true par défaut lors de la création" file="tests\Feature\TypeProjetTest.php::les flags de génération sont true par défaut lors de la création" class="Tests\Feature\TypeProjetTest" classname="Tests.Feature.TypeProjetTest" assertions="2" time="0.020949"/>
        <testcase name="l'enseignant peut désactiver la page titre lors de la création" file="tests\Feature\TypeProjetTest.php::l'enseignant peut désactiver la page titre lors de la création" class="Tests\Feature\TypeProjetTest" classname="Tests.Feature.TypeProjetTest" assertions="2" time="0.022155"/>
        <testcase name="l'enseignant peut désactiver la table des matières lors de la création" file="tests\Feature\TypeProjetTest.php::l'enseignant peut désactiver la table des matières lors de la création" class="Tests\Feature\TypeProjetTest" classname="Tests.Feature.TypeProjetTest" assertions="2" time="0.019360"/>
        <testcase name="l'enseignant peut modifier les flags de génération via update" file="tests\Feature\TypeProjetTest.php::l'enseignant peut modifier les flags de génération via update" class="Tests\Feature\TypeProjetTest" classname="Tests.Feature.TypeProjetTest" assertions="2" time="0.019002"/>
        <testcase name="l'enseignant peut modifier son type de projet" file="tests\Feature\TypeProjetTest.php::l'enseignant peut modifier son type de projet" class="Tests\Feature\TypeProjetTest" classname="Tests.Feature.TypeProjetTest" assertions="2" time="0.025518"/>
        <testcase name="l'enseignant peut configurer les paramètres de remise via update" file="tests\Feature\TypeProjetTest.php::l'enseignant peut configurer les paramètres de remise via update" class="Tests\Feature\TypeProjetTest" classname="Tests.Feature.TypeProjetTest" assertions="2" time="0.019094"/>
        <testcase name="un enseignant ne peut pas modifier le type de projet d'un autre enseignant (IDOR)" file="tests\Feature\TypeProjetTest.php::un enseignant ne peut pas modifier le type de projet d'un autre enseignant (IDOR)" class="Tests\Feature\TypeProjetTest" classname="Tests.Feature.TypeProjetTest" assertions="2" time="0.020951"/>
        <testcase name="l'enseignant peut basculer l'accessibilité de son type de projet" file="tests\Feature\TypeProjetTest.php::l'enseignant peut basculer l'accessibilité de son type de projet" class="Tests\Feature\TypeProjetTest" classname="Tests.Feature.TypeProjetTest" assertions="3" time="0.023245"/>
        <testcase name="un enseignant ne peut pas toggler l'accessibilité du type de projet d'un autre (IDOR)" file="tests\Feature\TypeProjetTest.php::un enseignant ne peut pas toggler l'accessibilité du type de projet d'un autre (IDOR)" class="Tests\Feature\TypeProjetTest" classname="Tests.Feature.TypeProjetTest" assertions="1" time="0.022182"/>
        <testcase name="l'enseignant peut supprimer son type de projet" file="tests\Feature\TypeProjetTest.php::l'enseignant peut supprimer son type de projet" class="Tests\Feature\TypeProjetTest" classname="Tests.Feature.TypeProjetTest" assertions="2" time="0.021360"/>
        <testcase name="la suppression du type de projet cascade sur la grille de correction" file="tests\Feature\TypeProjetTest.php::la suppression du type de projet cascade sur la grille de correction" class="Tests\Feature\TypeProjetTest" classname="Tests.Feature.TypeProjetTest" assertions="2" time="0.021042"/>
        <testcase name="un enseignant ne peut pas supprimer le type de projet d'un autre enseignant (IDOR)" file="tests\Feature\TypeProjetTest.php::un enseignant ne peut pas supprimer le type de projet d'un autre enseignant (IDOR)" class="Tests\Feature\TypeProjetTest" classname="Tests.Feature.TypeProjetTest" assertions="2" time="0.020623"/>
        <testcase name="un étudiant ne peut pas accéder au show d'un projet si le type n'est pas accessible" file="tests\Feature\TypeProjetTest.php::un étudiant ne peut pas accéder au show d'un projet si le type n'est pas accessible" class="Tests\Feature\TypeProjetTest" classname="Tests.Feature.TypeProjetTest" assertions="1" time="0.031649"/>
        <testcase name="l'enseignant peut ajouter une section à son type de projet" file="tests\Feature\TypeProjetTest.php::l'enseignant peut ajouter une section à son type de projet" class="Tests\Feature\TypeProjetTest" classname="Tests.Feature.TypeProjetTest" assertions="2" time="0.021238"/>
        <testcase name="l'ordre des sections est incrémenté automatiquement" file="tests\Feature\TypeProjetTest.php::l'ordre des sections est incrémenté automatiquement" class="Tests\Feature\TypeProjetTest" classname="Tests.Feature.TypeProjetTest" assertions="2" time="0.025837"/>
        <testcase name="l'enseignant peut modifier une section de son type de projet" file="tests\Feature\TypeProjetTest.php::l'enseignant peut modifier une section de son type de projet" class="Tests\Feature\TypeProjetTest" classname="Tests.Feature.TypeProjetTest" assertions="2" time="0.022391"/>
        <testcase name="un enseignant ne peut pas modifier la section d'un autre enseignant (IDOR)" file="tests\Feature\TypeProjetTest.php::un enseignant ne peut pas modifier la section d'un autre enseignant (IDOR)" class="Tests\Feature\TypeProjetTest" classname="Tests.Feature.TypeProjetTest" assertions="2" time="0.031899"/>
        <testcase name="l'enseignant peut supprimer une section et les ordres sont renumérotés" file="tests\Feature\TypeProjetTest.php::l'enseignant peut supprimer une section et les ordres sont renumérotés" class="Tests\Feature\TypeProjetTest" classname="Tests.Feature.TypeProjetTest" assertions="4" time="0.029092"/>
        <testcase name="la suppression d'une section cascade sur les contenus des projets" file="tests\Feature\TypeProjetTest.php::la suppression d'une section cascade sur les contenus des projets" class="Tests\Feature\TypeProjetTest" classname="Tests.Feature.TypeProjetTest" assertions="2" time="0.028486"/>
        <testcase name="l'enseignant peut créer un type de projet avec des sections inline" file="tests\Feature\TypeProjetTest.php::l'enseignant peut créer un type de projet avec des sections inline" class="Tests\Feature\TypeProjetTest" classname="Tests.Feature.TypeProjetTest" assertions="3" time="0.022603"/>
        <testcase name="l'enseignant peut ajouter des sections via update" file="tests\Feature\TypeProjetTest.php::l'enseignant peut ajouter des sections via update" class="Tests\Feature\TypeProjetTest" classname="Tests.Feature.TypeProjetTest" assertions="3" time="0.024004"/>
        <testcase name="l'update supprime les sections retirées et leur contenu cascade" file="tests\Feature\TypeProjetTest.php::l'update supprime les sections retirées et leur contenu cascade" class="Tests\Feature\TypeProjetTest" classname="Tests.Feature.TypeProjetTest" assertions="4" time="0.029120"/>
        <testcase name="l'update sans clé sections ne modifie pas les sections existantes" file="tests\Feature\TypeProjetTest.php::l'update sans clé sections ne modifie pas les sections existantes" class="Tests\Feature\TypeProjetTest" classname="Tests.Feature.TypeProjetTest" assertions="2" time="0.024213"/>
        <testcase name="l'enseignant accède à la page d'édition de son type de projet" file="tests\Feature\TypeProjetTest.php::l'enseignant accède à la page d'édition de son type de projet" class="Tests\Feature\TypeProjetTest" classname="Tests.Feature.TypeProjetTest" assertions="17" time="0.030844"/>
        <testcase name="un enseignant ne peut pas accéder à la page d'édition d'un autre enseignant" file="tests\Feature\TypeProjetTest.php::un enseignant ne peut pas accéder à la page d'édition d'un autre enseignant" class="Tests\Feature\TypeProjetTest" classname="Tests.Feature.TypeProjetTest" assertions="1" time="0.022898"/>
        <testcase name="un étudiant est redirigé depuis la page d'édition d'un type de projet" file="tests\Feature\TypeProjetTest.php::un étudiant est redirigé depuis la page d'édition d'un type de projet" class="Tests\Feature\TypeProjetTest" classname="Tests.Feature.TypeProjetTest" assertions="1" time="0.023169"/>
        <testcase name="l'enseignant peut réordonner les sections" file="tests\Feature\TypeProjetTest.php::l'enseignant peut réordonner les sections" class="Tests\Feature\TypeProjetTest" classname="Tests.Feature.TypeProjetTest" assertions="4" time="0.021867"/>
      </testsuite>
    </testsuite>
  </testsuite>
</testsuites>
